726
cpu  641 4 518 1596 56 31 9 0 0 0
cpu0 132 1 191 333 32 19 2 0 0 0
cpu1 206 2 124 363 12 4 2 0 0 0
cpu2 148 0 114 439 8 4 2 0 0 0
cpu3 153 0 89 459 2 3 1 0 0 0
intr 17775 0 0 0 0 4559 0 0 0 0 0 0 0 0 0 0 0 0 0 0 0 0 0 0 810 2673 2 0 2 0 0 0 0 0 0 0 0 0 0 0 0 0 0 0 0 0 0 0 0 0 0 0 0 11 0 0 0 0 0 0 0 0 0 0 0 0 0 3 0 0 0 0 0 0 0 0 0 0 0 0 0 0 0 0 0 0 0 0 0 0 0 0 0 0 0 0 0 0 0 0 0 0 0 0 0 0 0 0 0 0 0 0 0 0 0 0 0 0 0 0 0 0 0 0 0 0 0 0 0 0 0 0 0 0 0 0 0 0 0 0 0 0 0 0 0 0 0 0 0 0 0 2 2 0 2 0 2 0 0 0 0 31 0 0 0 0 0 0 0 0 0 0 0 0 0 0 0 0 0 0 0 0 0 0 0 0 0 0 0 0 0 0 0 0 0 0 0 0 0 0 0 0 0 2 0 0 0 0 0 0 0 0 0 0 0 0 0 0 0 0 0 0 0 0 0 0 0 0 0 0 0 0 0 0 0 0 0 0 0 0 0 0 0 0
ctxt 35125
btime 17523
processes 595
procs_running 2
procs_blocked 2
softirq 9599 0 4272 0 0 0 0 202 1766 0 3359

749
cpu  674 4 553 1610 60 34 9 0 0 0
cpu0 138 1 201 335 34 21 2 0 0 0
cpu1 210 2 133 369 13 4 2 0 0 0
cpu2 168 0 117 439 8 4 2 0 0 0
cpu3 157 0 100 465 4 3 2 0 0 0
intr 19105 0 0 0 0 4774 0 0 0 0 0 0 0 0 0 0 0 0 0 0 0 0 0 0 842 3054 2 0 2 0 0 0 0 0 0 0 0 0 0 0 0 0 0 0 0 0 0 0 0 0 0 0 0 11 0 0 0 0 0 0 0 0 0 0 0 0 0 3 0 0 0 0 0 0 0 0 0 0 0 0 0 0 0 0 0 0 0 0 0 0 0 0 0 0 0 0 0 0 0 0 0 0 0 0 0 0 0 0 0 0 0 0 0 0 0 0 0 0 0 0 0 0 0 0 0 0 0 0 0 0 0 0 0 0 0 0 0 0 0 0 0 0 0 0 0 0 0 0 0 0 0 2 2 0 2 0 2 0 0 0 0 31 0 0 0 0 0 0 0 0 0 0 0 0 0 0 0 0 0 0 0 0 0 0 0 0 0 0 0 0 0 0 0 0 0 0 0 0 0 0 0 0 0 2 0 0 0 0 0 0 0 0 0 0 0 0 0 0 0 0 0 0 0 0 0 0 0 0 0 0 0 0 0 0 0 0 0 0 0 0 0 0 0 0
ctxt 38067
btime 17523
processes 691
procs_running 15
procs_blocked 1
softirq 10141 0 4477 0 0 0 0 246 1866 0 3552

776
cpu  711 5 578 1648 63 36 10 0 0 0
cpu0 146 1 212 338 36 23 3 0 0 0
cpu1 212 2 138 387 13 4 2 0 0 0
cpu2 178 0 121 453 8 4 2 0 0 0
cpu3 173 0 106 468 5 4 2 0 0 0
intr 20294 0 0 0 0 5016 0 0 0 0 0 0 0 0 0 0 0 0 0 0 0 0 0 0 842 3308 2 0 2 0 0 0 0 0 0 0 0 0 0 0 0 0 0 0 0 0 0 0 0 0 0 0 0 11 0 0 0 0 0 0 0 0 0 0 0 0 0 3 0 0 0 0 0 0 0 0 0 0 0 0 0 0 0 0 0 0 0 0 0 0 0 0 0 0 0 0 0 0 0 0 0 0 0 0 0 0 0 0 0 0 0 0 0 0 0 0 0 0 0 0 0 0 0 0 0 0 0 0 0 0 0 0 0 0 0 0 0 0 0 0 0 0 0 0 0 0 0 0 0 0 0 2 2 0 2 0 2 0 0 0 0 31 0 0 0 0 0 0 0 0 0 0 0 0 0 0 0 0 0 0 0 0 0 0 0 0 0 0 0 0 0 0 0 0 0 0 0 0 0 0 0 0 0 2 0 0 0 0 0 0 0 0 0 0 0 0 0 0 0 0 0 0 0 0 0 0 0 0 0 0 0 0 0 0 0 0 0 0 0 0 0 0 0 0
ctxt 40565
btime 17523
processes 725
procs_running 3
procs_blocked 0
softirq 10679 0 4702 0 0 0 0 252 1963 0 3762

799
cpu  742 5 596 1685 64 38 10 0 0 0
cpu0 150 1 217 349 37 24 3 0 0 0
cpu1 214 2 141 404 13 4 2 0 0 0
cpu2 184 0 128 461 8 4 2 0 0 0
cpu3 192 0 108 470 5 4 2 0 0 0
intr 20873 0 0 0 0 5221 0 0 0 0 0 0 0 0 0 0 0 0 0 0 0 0 0 0 842 3401 2 0 2 0 0 0 0 0 0 0 0 0 0 0 0 0 0 0 0 0 0 0 0 0 0 0 0 11 0 0 0 0 0 0 0 0 0 0 0 0 0 3 0 0 0 0 0 0 0 0 0 0 0 0 0 0 0 0 0 0 0 0 0 0 0 0 0 0 0 0 0 0 0 0 0 0 0 0 0 0 0 0 0 0 0 0 0 0 0 0 0 0 0 0 0 0 0 0 0 0 0 0 0 0 0 0 0 0 0 0 0 0 0 0 0 0 0 0 0 0 0 0 0 0 0 2 2 0 2 0 2 0 0 0 0 31 0 0 0 0 0 0 0 0 0 0 0 0 0 0 0 0 0 0 0 0 0 0 0 0 0 0 0 0 0 0 0 0 0 0 0 0 0 0 0 0 0 2 0 0 0 0 0 0 0 0 0 0 0 0 0 0 0 0 0 0 0 0 0 0 0 0 0 0 0 0 0 0 0 0 0 0 0 0 0 0 0 0
ctxt 41744
btime 17523
processes 728
procs_running 3
procs_blocked 0
softirq 11143 0 4894 0 0 0 0 252 2060 0 3937

822
cpu  768 5 619 1721 68 39 11 0 0 0
cpu0 156 1 225 353 41 25 3 0 0 0
cpu1 219 2 146 417 13 5 2 0 0 0
cpu2 187 0 135 475 8 4 2 0 0 0
cpu3 205 0 111 476 5 4 2 0 0 0
intr 21908 0 0 0 0 5426 0 0 0 0 0 0 0 0 0 0 0 0 0 0 0 0 0 0 842 3565 2 0 2 0 0 0 0 0 0 0 0 0 0 0 0 0 0 0 0 0 0 0 0 0 0 0 0 11 0 0 0 0 0 0 0 0 0 0 0 0 0 3 0 0 0 0 0 0 0 0 0 0 0 0 0 0 0 0 0 0 0 0 0 0 0 0 0 0 0 0 0 0 0 0 0 0 0 0 0 0 0 0 0 0 0 0 0 0 0 0 0 0 0 0 0 0 0 0 0 0 0 0 0 0 0 0 0 0 0 0 0 0 0 0 0 0 0 0 0 0 0 0 0 0 0 2 2 0 2 0 2 0 0 0 0 31 0 0 0 0 0 0 0 0 0 0 0 0 0 0 0 0 0 0 0 0 0 0 0 0 0 0 0 0 0 0 0 0 0 0 0 0 0 0 0 0 0 2 0 0 0 0 0 0 0 0 0 0 0 0 0 0 0 0 0 0 0 0 0 0 0 0 0 0 0 0 0 0 0 0 0 0 0 0 0 0 0 0
ctxt 43666
btime 17523
processes 731
procs_running 3
procs_blocked 0
softirq 11596 0 5083 0 0 0 0 252 2149 0 4112

845
cpu  792 8 646 1750 75 41 11 0 0 0
cpu0 157 1 235 357 47 26 3 0 0 0
cpu1 238 2 150 418 13 5 2 0 0 0
cpu2 190 0 143 487 8 5 3 0 0 0
cpu3 207 3 117 487 5 4 2 0 0 0
intr 23695 0 0 0 0 5628 0 0 0 0 0 0 0 0 0 0 0 0 0 0 0 0 0 0 842 3780 2 0 2 0 0 0 0 0 0 0 0 0 0 0 0 0 0 0 0 0 0 0 0 0 0 0 0 11 0 0 0 0 0 0 0 0 0 0 0 0 0 3 0 0 0 0 0 0 0 0 0 0 0 0 0 0 0 0 0 0 0 0 0 0 0 0 0 0 0 0 0 0 0 0 0 0 0 0 0 0 0 0 0 0 0 0 0 0 0 0 0 0 0 0 0 0 0 0 0 0 0 0 0 0 0 0 0 0 0 0 0 0 0 0 0 0 0 0 0 0 0 0 0 0 0 2 2 0 2 0 2 0 0 0 0 31 0 0 0 0 0 0 0 0 0 0 0 0 0 0 0 0 0 0 0 0 0 0 0 0 0 0 0 0 0 0 0 0 0 0 0 0 0 0 0 0 0 2 0 0 0 0 0 0 0 0 0 0 0 0 0 0 0 0 0 0 0 0 0 0 0 0 0 0 0 0 0 0 0 0 0 0 0 0 0 0 0 0
ctxt 46997
btime 17523
processes 734
procs_running 6
procs_blocked 0
softirq 12042 0 5271 0 0 0 0 252 2232 0 4287

868
cpu  814 8 672 1790 75 43 11 0 0 0
cpu0 160 1 243 367 47 27 3 0 0 0
cpu1 241 2 156 430 13 5 2 0 0 0
cpu2 201 0 147 493 8 5 3 0 0 0
cpu3 210 3 124 499 5 4 2 0 0 0
intr 24380 0 0 0 0 5836 0 0 0 0 0 0 0 0 0 0 0 0 0 0 0 0 0 0 842 3928 2 0 2 0 0 0 0 0 0 0 0 0 0 0 0 0 0 0 0 0 0 0 0 0 0 0 0 11 0 0 0 0 0 0 0 0 0 0 0 0 0 3 0 0 0 0 0 0 0 0 0 0 0 0 0 0 0 0 0 0 0 0 0 0 0 0 0 0 0 0 0 0 0 0 0 0 0 0 0 0 0 0 0 0 0 0 0 0 0 0 0 0 0 0 0 0 0 0 0 0 0 0 0 0 0 0 0 0 0 0 0 0 0 0 0 0 0 0 0 0 0 0 0 0 0 2 2 0 2 0 2 0 0 0 0 31 0 0 0 0 0 0 0 0 0 0 0 0 0 0 0 0 0 0 0 0 0 0 0 0 0 0 0 0 0 0 0 0 0 0 0 0 0 0 0 0 0 2 0 0 0 0 0 0 0 0 0 0 0 0 0 0 0 0 0 0 0 0 0 0 0 0 0 0 0 0 0 0 0 0 0 0 0 0 0 0 0 0
ctxt 48613
btime 17523
processes 742
procs_running 5
procs_blocked 0
softirq 12543 0 5464 0 0 0 0 256 2359 0 4464

892
cpu  827 8 702 1836 78 44 12 0 0 0
cpu0 165 1 256 370 49 28 3 0 0 0
cpu1 246 2 161 443 14 5 3 0 0 0
cpu2 203 0 155 507 9 5 3 0 0 0
cpu3 212 3 129 514 5 5 2 0 0 0
intr 25247 0 0 0 0 6028 0 0 0 0 0 0 0 0 0 0 0 0 0 0 0 0 0 0 855 4078 2 0 2 0 0 0 0 0 0 0 0 0 0 0 0 0 0 0 0 0 0 0 0 0 0 0 0 11 0 0 0 0 0 0 0 0 0 0 0 0 0 3 0 0 0 0 0 0 0 0 0 0 0 0 0 0 0 0 0 0 0 0 0 0 0 0 0 0 0 0 0 0 0 0 0 0 0 0 0 0 0 0 0 0 0 0 0 0 0 0 0 0 0 0 0 0 0 0 0 0 0 0 0 0 0 0 0 0 0 0 0 0 0 0 0 0 0 0 0 0 0 0 0 0 0 2 2 0 2 0 2 0 0 0 0 31 0 0 0 0 0 0 0 0 0 0 0 0 0 0 0 0 0 0 0 0 0 0 0 0 0 0 0 0 0 0 0 0 0 0 0 0 0 0 0 0 0 2 0 0 0 0 0 0 0 0 0 0 0 0 0 0 0 0 0 0 0 0 0 0 0 0 0 0 0 0 0 0 0 0 0 0 0 0 0 0 0 0
ctxt 50234
btime 17523
processes 751
procs_running 2
procs_blocked 0
softirq 13035 0 5644 0 0 0 0 263 2498 0 4630

916
cpu  837 8 720 1897 78 45 12 0 0 0
cpu0 167 1 264 383 49 29 3 0 0 0
cpu1 248 2 165 459 14 5 3 0 0 0
cpu2 207 0 158 522 9 5 3 0 0 0
cpu3 214 3 133 531 5 5 2 0 0 0
intr 25729 0 0 0 0 6211 0 0 0 0 0 0 0 0 0 0 0 0 0 0 0 0 0 0 863 4097 2 0 2 0 0 0 0 0 0 0 0 0 0 0 0 0 0 0 0 0 0 0 0 0 0 0 0 11 0 0 0 0 0 0 0 0 0 0 0 0 0 3 0 0 0 0 0 0 0 0 0 0 0 0 0 0 0 0 0 0 0 0 0 0 0 0 0 0 0 0 0 0 0 0 0 0 0 0 0 0 0 0 0 0 0 0 0 0 0 0 0 0 0 0 0 0 0 0 0 0 0 0 0 0 0 0 0 0 0 0 0 0 0 0 0 0 0 0 0 0 0 0 0 0 0 2 2 0 2 0 2 0 0 0 0 31 0 0 0 0 0 0 0 0 0 0 0 0 0 0 0 0 0 0 0 0 0 0 0 0 0 0 0 0 0 0 0 0 0 0 0 0 0 0 0 0 0 2 0 0 0 0 0 0 0 0 0 0 0 0 0 0 0 0 0 0 0 0 0 0 0 0 0 0 0 0 0 0 0 0 0 0 0 0 0 0 0 0
ctxt 51239
btime 17523
processes 758
procs_running 3
procs_blocked 0
softirq 13527 0 5815 0 0 0 0 264 2658 0 4790

940
cpu  854 9 778 1904 85 49 13 0 0 0
cpu0 170 1 279 383 51 32 3 0 0 0
cpu1 253 2 179 461 15 5 3 0 0 0
cpu2 212 0 173 524 10 5 3 0 0 0
cpu3 217 4 145 534 8 5 3 0 0 0
intr 27481 0 0 0 0 6451 0 0 0 0 0 0 0 0 0 0 0 0 0 0 0 0 0 0 915 4635 2 0 2 0 0 0 0 0 0 0 0 0 0 0 0 0 0 0 0 0 0 0 0 0 0 0 0 11 0 0 0 0 0 0 0 0 0 0 0 0 0 3 0 0 0 0 0 0 0 0 0 0 0 0 0 0 0 0 0 0 0 0 0 0 0 0 0 0 0 0 0 0 0 0 0 0 0 0 0 0 0 0 0 0 0 0 0 0 0 0 0 0 0 0 0 0 0 0 0 0 0 0 0 0 0 0 0 0 0 0 0 0 0 0 0 0 0 0 0 0 0 0 0 0 0 2 2 0 2 0 2 0 0 0 0 31 0 0 0 0 0 0 0 0 0 0 0 0 0 0 0 0 0 0 0 0 0 0 0 0 0 0 0 0 0 0 0 0 0 0 0 0 0 0 0 0 0 2 0 0 0 0 0 0 0 0 0 0 0 0 0 0 0 0 0 0 0 0 0 0 0 0 0 0 0 0 0 0 0 0 0 0 0 0 0 0 0 0
ctxt 54760
btime 17523
processes 822
procs_running 9
procs_blocked 3
softirq 14086 0 6034 0 0 0 0 274 2785 0 4993

964
cpu  870 9 833 1920 89 52 13 0 0 0
cpu0 174 1 292 384 54 35 3 0 0 0
cpu1 256 2 195 465 15 6 3 0 0 0
cpu2 217 0 186 531 10 5 3 0 0 0
cpu3 222 4 158 539 8 5 3 0 0 0
intr 28996 0 0 0 0 6677 0 0 0 0 0 0 0 0 0 0 0 0 0 0 0 0 0 0 925 5023 2 0 2 0 0 5 0 0 0 0 0 0 0 0 0 0 0 0 0 0 0 0 0 0 0 0 0 11 0 0 0 0 0 0 0 0 0 0 0 0 0 3 0 0 0 0 0 0 0 0 0 0 0 0 0 0 0 0 0 0 0 0 0 0 0 0 0 0 0 0 0 0 0 0 0 0 0 0 0 0 0 0 0 0 0 0 0 0 0 0 0 0 0 0 0 0 0 0 0 0 0 0 0 0 0 0 0 0 0 0 0 0 0 0 0 0 0 0 0 0 0 0 0 0 0 2 2 0 2 0 2 0 0 0 0 31 0 0 0 0 0 0 0 0 0 0 0 0 0 0 0 0 0 0 0 1 0 1 0 0 0 0 0 0 0 0 0 0 0 0 0 0 0 0 0 0 0 2 0 0 0 0 0 0 0 0 0 0 0 0 0 0 0 0 0 0 0 0 0 0 0 0 0 0 0 0 0 0 0 0 0 0 0 0 0 0 0 0 33
ctxt 57803
btime 17523
processes 841
procs_running 2
procs_blocked 4
softirq 14597 0 6244 0 0 0 0 274 2900 0 5179

988
cpu  886 9 871 1942 97 57 14 0 0 0
cpu0 176 1 305 384 58 39 3 0 0 0
cpu1 261 2 206 472 16 6 3 0 0 0
cpu2 220 0 195 538 12 6 3 0 0 0
cpu3 227 4 165 547 9 5 3 0 0 0
intr 31637 0 0 0 0 6883 0 0 0 0 0 0 0 0 0 0 0 0 0 0 0 0 0 0 925 5432 2 0 2 0 0 6 0 0 0 0 0 0 0 0 0 0 0 0 0 0 0 0 0 0 0 0 0 11 0 0 0 0 0 0 0 0 0 0 0 0 0 3 0 0 0 0 0 0 0 0 0 0 0 0 0 0 0 0 0 0 0 0 0 0 0 0 0 0 0 0 0 0 0 0 0 0 0 0 0 0 0 0 0 0 0 0 0 0 0 0 0 0 0 0 0 0 0 0 0 0 0 0 0 0 0 0 0 0 0 0 0 0 0 0 0 0 0 0 0 0 0 0 0 0 0 2 2 0 2 0 2 0 0 0 0 31 0 0 0 0 0 0 0 0 0 0 0 0 0 0 0 0 0 0 0 1 0 1 0 0 0 0 0 0 0 0 0 0 0 0 0 0 0 0 0 0 0 2 0 0 0 0 0 0 0 0 0 0 0 0 0 0 0 0 0 0 0 0 0 0 0 0 0 0 0 0 0 0 0 0 0 0 0 0 0 0 0 0 842
ctxt 61659
btime 17523
processes 861
procs_running 4
procs_blocked 1
softirq 15135 0 6445 0 0 0 0 278 3039 0 5373

1011
cpu  932 9 903 1949 98 60 14 0 0 0
cpu0 184 1 314 385 59 41 4 0 0 0
cpu1 272 2 216 473 17 6 3 0 0 0
cpu2 239 0 200 538 12 6 3 0 0 0
cpu3 236 4 173 552 9 5 3 0 0 0
intr 33079 0 0 0 0 7106 0 0 0 0 0 0 0 0 0 0 0 0 0 0 0 0 0 0 946 5589 2 0 2 0 0 6 0 0 0 0 0 0 0 0 0 0 0 0 0 0 0 0 0 0 0 0 0 11 0 0 0 0 0 0 0 0 0 0 0 0 0 3 0 0 0 0 0 0 0 0 0 0 0 0 0 0 0 0 0 0 0 0 0 0 0 0 0 0 0 0 0 0 0 0 0 0 0 0 0 0 0 0 0 0 0 0 0 0 0 0 0 0 0 0 0 0 0 0 0 0 0 0 0 0 0 0 0 0 0 0 0 0 0 0 0 0 0 0 0 0 0 0 0 0 0 2 2 0 2 0 2 0 0 0 0 31 0 0 0 0 0 0 0 0 0 0 0 0 0 0 0 0 0 0 0 1 0 1 0 0 0 0 0 0 0 0 0 0 0 0 0 0 0 0 0 0 0 2 0 0 0 0 0 0 0 0 0 0 0 0 0 0 0 0 0 0 0 0 0 0 0 0 0 0 0 0 0 0 0 0 0 0 0 0 0 0 0 0 1411
ctxt 63719
btime 17523
processes 873
procs_running 12
procs_blocked 1
softirq 15611 0 6665 0 0 0 0 278 3113 0 5555

1042
cpu  973 10 974 1952 100 65 15 0 0 0
cpu0 192 1 333 385 59 45 4 0 0 0
cpu1 282 3 232 474 17 6 3 0 0 0
cpu2 252 0 215 539 13 6 4 0 0 0
cpu3 245 4 193 553 9 6 3 0 0 0
intr 34864 0 0 0 0 7488 0 0 0 0 0 0 0 0 0 0 0 0 0 0 0 0 0 0 976 6006 2 0 2 0 0 6 0 0 0 0 0 0 0 0 0 0 0 0 0 0 49 0 0 0 0 0 0 11 0 0 0 0 0 0 0 0 0 0 0 0 0 3 0 0 0 0 0 0 0 0 0 0 0 0 0 0 0 0 0 0 0 0 0 0 0 0 0 0 0 0 0 0 0 0 0 0 0 0 0 0 0 0 0 0 0 0 0 0 0 0 0 0 0 0 0 0 0 0 0 0 0 0 0 0 0 0 0 0 0 0 0 0 0 0 0 0 0 0 0 0 0 0 0 0 0 2 2 0 2 0 2 0 0 0 0 31 0 0 0 0 0 0 0 0 0 0 0 0 0 0 0 0 0 0 0 1 0 1 0 0 0 0 0 0 0 0 0 0 0 0 0 0 0 0 0 0 0 2 0 0 0 0 0 0 0 0 0 0 0 0 0 0 0 0 0 0 0 0 0 0 0 0 0 0 0 0 0 0 0 0 0 0 0 0 0 0 0 0 1587
ctxt 67432
btime 17523
processes 916
procs_running 32
procs_blocked 2
softirq 16247 0 6957 0 0 0 0 302 3174 0 5814

1070
cpu  1009 11 1040 1954 101 70 16 0 0 0
cpu0 197 1 352 385 59 49 4 0 0 0
cpu1 292 3 250 474 17 7 3 0 0 0
cpu2 263 0 229 540 13 6 4 0 0 0
cpu3 255 5 208 554 10 6 3 0 0 0
intr 36404 0 0 0 0 7777 0 0 0 0 0 0 0 0 0 0 0 0 0 0 0 0 0 0 985 6447 2 0 2 0 0 6 0 0 0 0 0 0 0 0 0 0 0 0 0 0 51 0 0 0 0 0 0 11 0 0 0 0 0 0 0 0 0 0 0 0 0 3 0 0 0 0 0 0 0 0 0 0 0 0 0 0 0 0 0 0 0 0 0 0 0 0 0 0 0 0 0 0 0 0 0 0 0 0 0 0 0 0 0 0 0 0 0 0 0 0 0 0 0 0 0 0 0 0 0 0 0 0 0 0 0 0 0 0 0 0 0 0 0 0 0 0 0 0 0 0 0 0 0 0 0 2 2 0 2 0 2 0 0 0 0 33 0 0 0 0 0 0 0 0 0 0 0 0 0 0 0 0 0 0 0 1 0 1 0 0 0 0 0 0 0 0 0 0 0 0 0 0 0 0 0 0 0 2 0 0 0 0 0 0 0 0 0 0 0 0 0 0 0 0 0 0 0 0 0 0 0 0 0 0 0 0 0 0 0 0 0 0 0 0 0 0 0 0 1739
ctxt 70818
btime 17523
processes 937
procs_running 38
procs_blocked 6
softirq 16742 0 7206 0 0 0 0 302 3213 0 6021

1115
cpu  1073 12 1143 1956 101 76 17 0 0 0
cpu0 217 1 372 385 59 54 4 0 0 0
cpu1 305 3 279 475 17 7 4 0 0 0
cpu2 278 1 256 540 13 7 4 0 0 0
cpu3 272 5 234 555 10 7 4 0 0 0
intr 38201 0 0 0 0 8227 0 0 0 0 0 0 0 0 0 0 0 0 0 0 0 0 0 0 985 6963 2 0 2 0 0 7 0 0 0 0 0 0 0 0 0 0 0 0 0 0 51 0 0 0 0 0 0 11 0 0 0 0 0 0 0 0 0 0 0 0 0 3 0 0 0 0 0 0 0 0 0 0 0 0 0 0 0 0 0 0 0 0 0 0 0 0 0 0 0 0 0 0 0 0 0 0 0 0 0 0 0 0 0 0 0 0 0 0 0 0 0 0 0 0 0 0 0 0 0 0 0 0 0 0 0 0 0 0 0 0 0 0 0 0 0 0 0 0 0 0 0 0 0 0 0 2 2 0 2 0 2 0 0 0 0 33 0 0 0 0 0 0 0 0 0 0 0 0 0 0 0 0 0 0 0 1 0 1 0 0 0 0 0 0 0 0 0 0 0 0 0 0 0 0 0 0 0 2 0 0 0 0 0 0 0 0 0 0 0 0 0 0 0 0 0 0 0 0 0 0 0 0 0 0 0 0 0 0 0 0 0 0 0 0 0 0 0 0 1849
ctxt 75072
btime 17523
processes 1007
procs_running 25
procs_blocked 1
softirq 17522 0 7610 0 0 0 0 304 3248 0 6360

1146
cpu  1132 12 1202 1957 101 80 17 0 0 0
cpu0 228 1 388 385 59 57 4 0 0 0
cpu1 323 3 292 475 17 7 4 0 0 0
cpu2 295 1 270 540 13 7 4 0 0 0
cpu3 285 5 251 555 10 7 4 0 0 0
intr 39746 0 0 0 0 8598 0 0 0 11 11 0 0 0 0 0 0 0 0 0 0 0 0 0 987 7292 2 0 2 0 0 7 0 0 0 0 0 0 0 0 0 0 0 0 0 0 51 0 0 0 0 0 0 11 0 0 0 0 0 0 0 0 0 0 0 0 0 3 0 0 0 0 0 0 0 0 0 0 0 0 0 0 0 0 0 0 0 0 0 0 0 0 0 0 0 0 0 0 0 0 0 0 0 0 0 0 0 0 0 0 0 0 0 0 0 0 0 0 0 0 0 0 0 0 0 0 0 0 0 0 0 0 0 0 0 0 0 0 0 0 0 0 0 0 0 0 0 0 0 0 0 2 2 0 2 0 2 0 0 0 0 33 0 0 0 0 0 0 0 0 0 0 0 0 0 0 0 0 0 0 0 1 0 1 0 0 0 0 0 0 0 0 0 0 0 0 0 0 0 0 0 0 0 2 0 0 0 0 0 0 0 0 0 0 0 0 0 0 0 0 0 0 0 0 0 0 0 0 0 0 0 0 0 0 0 0 0 0 0 0 0 0 0 0 2075 3 3 0 0 0
ctxt 78688
btime 17523
processes 1083
procs_running 15
procs_blocked 2
softirq 18087 0 7917 0 0 0 0 304 3280 0 6586

1174
cpu  1164 12 1276 1957 102 85 18 0 0 0
cpu0 234 1 406 385 59 61 4 0 0 0
cpu1 338 3 304 475 17 8 4 0 0 0
cpu2 299 1 293 540 13 8 4 0 0 0
cpu3 291 5 272 555 10 7 4 0 0 0
intr 41433 0 0 0 0 8884 0 0 0 11 11 0 0 0 0 0 0 0 0 0 0 0 0 0 987 7674 2 0 2 0 0 7 0 0 0 0 0 0 0 0 0 0 0 0 0 0 51 0 0 0 0 0 0 11 0 0 0 0 0 0 0 0 0 0 0 0 0 3 0 0 0 0 0 0 0 0 0 0 0 0 0 0 0 0 0 0 0 0 0 0 0 0 0 0 0 0 0 0 0 0 0 0 0 0 0 0 0 0 0 0 0 0 0 0 0 0 0 0 0 0 0 0 0 0 0 0 0 0 0 0 0 0 0 0 0 0 0 0 0 0 0 0 0 0 0 0 0 0 0 0 0 2 2 0 2 0 2 0 0 0 0 33 0 0 0 0 0 0 0 0 0 0 0 0 0 0 0 0 0 0 0 1 0 1 0 0 0 0 0 0 0 0 0 0 0 0 0 0 0 0 0 0 0 2 0 0 0 0 0 0 0 0 0 0 0 0 0 0 0 0 0 0 0 0 0 0 0 0 0 0 0 0 0 0 0 0 0 0 0 0 0 0 0 0 2392 3 3 0 0 0
ctxt 81933
btime 17523
processes 1107
procs_running 22
procs_blocked 2
softirq 18555 0 8196 0 0 0 0 304 3296 0 6759

1202
cpu  1199 15 1343 1957 102 89 18 0 0 0
cpu0 243 1 422 385 59 64 4 0 0 0
cpu1 350 6 317 475 17 8 4 0 0 0
cpu2 300 1 319 540 13 8 4 0 0 0
cpu3 304 6 284 555 11 8 4 0 0 0
intr 42495 0 0 0 0 9198 0 0 0 11 11 0 0 0 0 0 0 0 0 0 0 0 0 0 987 7913 2 0 2 0 0 7 0 0 0 0 0 0 0 0 0 0 0 0 0 0 51 0 0 0 0 0 0 11 0 0 0 0 0 0 0 0 0 0 0 0 0 3 0 0 0 0 0 0 0 0 0 0 0 0 0 0 0 0 0 0 0 0 0 0 0 0 0 0 0 0 0 0 0 0 0 0 0 0 0 0 0 0 0 0 0 0 0 0 0 0 0 0 0 0 0 0 0 0 0 0 0 0 0 0 0 0 0 0 0 0 0 0 0 0 0 0 0 0 0 0 0 0 0 0 0 2 2 0 2 0 2 0 0 0 0 34 0 0 0 0 0 0 0 0 0 0 0 0 0 0 0 0 0 0 0 1 0 1 0 0 0 0 0 0 0 0 0 0 0 0 0 0 0 0 0 0 0 2 0 0 0 0 0 0 0 0 0 0 0 0 0 0 0 0 0 0 0 0 0 0 0 0 0 0 0 0 0 0 0 0 0 0 0 0 0 0 0 0 2625 3 3 0 0 0 0 0 0 0 0 0 0
ctxt 83922
btime 17523
processes 1123
procs_running 13
procs_blocked 2
softirq 19025 0 8469 0 0 0 0 304 3311 0 6941

1235
cpu  1253 24 1408 1957 103 93 19 0 0 0
cpu0 257 2 438 385 60 67 4 0 0 0
cpu1 364 11 329 475 17 8 5 0 0 0
cpu2 304 1 348 540 13 8 4 0 0 0
cpu3 326 9 292 556 11 8 4 0 0 0
intr 43860 0 0 0 0 9554 0 0 0 11 11 0 0 0 0 0 0 0 0 0 0 0 0 0 987 8171 2 0 2 0 0 7 0 0 0 0 0 0 0 0 0 0 0 0 0 0 51 0 0 0 0 0 0 11 0 0 0 0 0 0 0 0 0 0 0 0 0 3 0 0 0 0 0 0 0 0 0 0 0 0 0 0 0 0 0 0 0 0 0 0 0 0 0 0 0 0 0 0 0 0 0 0 0 0 0 0 0 0 0 0 0 0 0 0 0 0 0 0 0 0 0 0 0 0 0 0 0 0 0 0 0 0 0 0 0 0 0 0 0 0 0 0 0 0 0 0 0 0 0 0 0 2 2 0 2 0 2 0 0 0 0 34 0 0 0 0 0 0 0 0 0 0 0 0 0 0 0 0 0 0 0 1 0 1 0 0 0 0 0 0 0 0 0 0 0 0 0 0 0 0 0 0 0 2 0 0 0 0 0 0 0 0 0 0 0 0 0 0 0 0 0 0 0 0 0 0 0 0 0 0 0 0 0 0 0 0 0 0 0 0 0 0 0 0 2965 3 3 0 0 0 0 0 0 0 0 0 0 0
ctxt 87003
btime 17523
processes 1137
procs_running 22
procs_blocked 4
softirq 19588 0 8803 0 0 0 0 308 3338 0 7139

1267
cpu  1332 41 1435 1958 103 96 19 0 0 0
cpu0 280 2 445 385 60 69 4 0 0 0
cpu1 371 27 337 476 18 9 5 0 0 0
cpu2 331 1 353 540 13 9 5 0 0 0
cpu3 349 10 299 556 11 8 4 0 0 0
intr 44955 0 0 0 0 9888 0 0 0 11 11 0 0 0 0 0 0 0 0 0 0 0 0 0 987 8320 2 0 2 0 0 9 0 0 0 0 0 0 0 0 0 0 0 0 0 0 51 0 0 0 0 0 0 11 0 0 0 0 0 0 0 0 0 0 0 0 0 3 0 0 0 0 0 0 0 0 0 0 0 0 0 0 0 0 0 0 0 0 0 0 0 0 0 0 0 0 0 0 0 0 0 0 0 0 0 0 0 0 0 0 0 0 0 0 0 0 0 0 0 0 0 0 0 0 0 0 0 0 0 0 0 0 0 0 0 0 0 0 0 0 0 0 0 0 0 0 0 0 0 0 0 2 2 0 2 0 2 0 0 0 0 34 0 0 0 0 0 0 0 0 0 0 0 0 0 0 0 0 0 0 0 1 0 1 0 0 0 0 0 0 1 0 0 0 0 0 0 0 0 0 0 0 0 2 0 0 0 0 0 0 0 0 0 0 0 0 0 0 0 0 0 0 0 0 0 0 0 0 0 0 0 0 0 0 0 0 0 0 0 0 0 0 0 0 3253 3 3 0 0 0 0 0 0 0 0 0 0 0
ctxt 88614
btime 17523
processes 1143
procs_running 9
procs_blocked 2
softirq 20115 0 9123 0 0 0 0 308 3352 0 7332

1300
cpu  1383 50 1500 1958 103 100 20 0 0 0
cpu0 295 2 459 385 60 72 4 0 0 0
cpu1 372 27 368 476 18 9 5 0 0 0
cpu2 340 9 368 541 13 9 5 0 0 0
cpu3 375 11 304 556 11 9 4 0 0 0
intr 46233 0 0 0 0 10229 0 0 0 11 11 0 0 0 0 0 0 0 0 0 0 0 0 0 1014 8470 2 0 2 0 0 10 0 0 0 0 0 0 0 0 0 0 0 0 0 0 51 0 0 0 0 0 0 11 0 0 0 0 0 0 0 0 0 0 0 0 0 3 0 0 0 0 0 0 0 0 0 0 0 0 0 0 0 0 0 0 0 0 0 0 0 0 0 0 0 0 0 0 0 0 0 0 0 0 0 0 0 0 0 0 0 0 0 0 0 0 0 0 0 0 0 0 0 0 0 0 0 0 0 0 0 0 0 0 0 0 0 0 0 0 0 0 0 0 0 0 0 0 0 0 0 2 2 0 2 0 2 0 0 0 0 34 0 0 0 0 0 0 0 0 0 0 0 0 0 0 0 0 0 0 0 1 0 1 0 0 0 0 0 0 2 0 0 0 0 0 0 0 0 0 0 0 0 2 0 0 0 0 0 0 0 0 0 0 0 0 0 0 0 0 0 0 0 0 0 0 0 0 0 0 0 0 0 0 0 0 0 0 0 0 0 0 0 0 3617 3 4 0 0 0 0 0 0 0 0 0 0 0
ctxt 90578
btime 17523
processes 1162
procs_running 11
procs_blocked 0
softirq 20669 0 9441 0 0 0 0 308 3371 0 7549

1329
cpu  1440 52 1557 1958 103 103 20 0 0 0
cpu0 309 3 472 385 60 74 4 0 0 0
cpu1 383 27 385 476 18 9 5 0 0 0
cpu2 342 9 395 541 13 9 5 0 0 0
cpu3 405 11 304 556 11 9 4 0 0 0
intr 47094 0 0 0 0 10541 0 0 0 11 11 0 0 0 0 0 0 0 0 0 0 0 0 0 1068 8575 2 0 2 0 0 11 0 0 0 0 0 0 0 0 0 0 0 0 0 0 51 0 0 0 0 0 0 11 0 0 0 0 0 0 0 0 0 0 0 0 0 3 0 0 0 0 0 0 0 0 0 0 0 0 0 0 0 0 0 0 0 0 0 0 0 0 0 0 0 0 0 0 0 0 0 0 0 0 0 0 0 0 0 0 0 0 0 0 0 0 0 0 0 0 0 0 0 0 0 0 0 0 0 0 0 0 0 0 0 0 0 0 0 0 0 0 0 0 4 0 0 0 0 0 0 2 2 0 2 0 2 0 0 0 0 34 0 0 0 0 0 0 0 0 0 0 0 0 0 0 0 0 0 0 0 1 0 1 0 0 0 0 0 0 2 0 0 0 0 0 0 0 0 0 0 0 0 2 0 0 0 0 0 0 0 0 0 0 0 0 0 0 0 0 0 0 0 0 0 0 0 0 0 0 0 0 0 0 0 0 0 0 0 0 0 0 0 0 3836 3 4 0 0 0 0 0 0 0 0 0 0 0
ctxt 91859
btime 17523
processes 1172
procs_running 8
procs_blocked 1
softirq 21123 0 9734 0 0 0 0 326 3379 0 7684

1357
cpu  1501 52 1603 1958 103 106 21 0 0 0
cpu0 327 3 479 385 60 76 4 0 0 0
cpu1 409 27 387 476 18 9 5 0 0 0
cpu2 343 9 421 541 13 10 5 0 0 0
cpu3 420 11 315 556 11 9 4 0 0 0
intr 48012 0 0 0 0 10828 0 0 0 11 11 0 0 0 0 0 0 0 0 0 0 0 0 0 1069 8671 2 0 2 0 0 12 0 0 0 0 0 0 0 0 0 0 0 0 0 0 51 0 0 0 0 0 0 11 0 0 0 0 0 0 0 0 0 0 0 0 0 3 0 0 0 0 0 0 0 0 0 0 0 0 0 0 0 0 0 0 0 0 0 0 0 0 0 0 0 0 0 0 0 0 0 0 0 0 0 0 0 0 0 0 0 0 0 0 0 0 0 0 0 0 0 0 0 0 0 0 0 0 0 0 0 0 0 0 0 0 0 0 0 0 0 0 0 0 17 0 0 0 0 0 0 2 2 0 2 0 2 0 0 0 0 34 0 0 0 0 0 0 0 0 0 0 0 0 0 0 0 0 0 0 0 1 0 1 0 0 0 0 0 0 3 0 0 0 0 0 0 0 0 0 0 0 0 2 0 0 0 0 0 0 0 0 0 0 0 0 0 0 0 0 0 0 0 0 0 0 0 0 0 0 0 0 0 0 0 0 0 0 0 0 0 0 0 0 4171 3 4 0 0 0 0 0 0 0 0 0 0 0
ctxt 93021
btime 17523
processes 1172
procs_running 10
procs_blocked 0
softirq 21581 0 10010 0 0 0 0 326 3388 0 7857

1384
cpu  1557 53 1651 1958 103 109 21 0 0 0
cpu0 337 3 493 385 60 79 5 0 0 0
cpu1 435 27 388 476 18 10 5 0 0 0
cpu2 343 10 446 541 13 10 5 0 0 0
cpu3 440 11 322 556 11 9 5 0 0 0
intr 49068 0 0 0 0 11112 0 0 0 11 11 0 0 0 0 0 0 0 0 0 0 0 0 0 1069 8751 2 0 2 0 0 13 0 0 0 0 0 0 0 0 0 0 0 0 0 0 51 0 0 0 0 0 0 11 0 0 0 0 0 0 0 0 0 0 0 0 0 3 0 0 0 0 0 0 0 0 0 0 0 0 0 0 0 0 0 0 0 0 0 0 0 0 0 0 0 0 0 0 0 0 0 0 0 0 0 0 0 0 0 0 0 0 0 0 0 0 0 0 0 0 0 0 0 0 0 0 0 0 0 0 0 0 0 0 0 0 0 0 0 0 0 0 0 0 23 0 0 0 0 0 0 2 2 0 2 0 2 0 0 0 0 34 0 0 0 0 0 0 0 0 0 0 0 0 0 0 0 0 0 0 0 1 0 1 0 0 0 0 0 0 3 0 0 0 0 0 0 0 0 0 0 0 0 2 0 0 0 0 0 0 0 0 0 0 0 0 0 0 0 0 0 0 0 0 0 0 0 0 0 0 0 0 0 0 0 0 0 0 0 0 0 0 0 0 4768 4 4 0 0 0 0 0 0 0 0 0 0 0
ctxt 94337
btime 17523
processes 1175
procs_running 11
procs_blocked 0
softirq 22013 0 10282 0 0 0 0 326 3400 0 8005

1437
cpu  1686 58 1720 1958 103 115 22 0 0 0
cpu0 359 4 519 385 60 83 5 0 0 0
cpu1 452 33 417 476 18 10 5 0 0 0
cpu2 386 10 456 541 13 11 5 0 0 0
cpu3 487 11 327 556 11 10 5 0 0 0
intr 50785 0 0 0 0 11663 0 0 0 11 11 0 0 0 0 0 0 0 0 0 0 0 0 0 1096 8981 2 0 2 0 0 15 0 0 0 0 0 0 0 0 0 0 0 0 0 0 51 0 0 0 0 0 0 11 0 0 0 0 0 0 0 0 0 0 0 0 0 3 0 0 0 0 0 0 0 0 0 0 0 0 0 0 0 0 0 0 0 0 0 0 0 0 0 0 0 0 0 0 0 0 0 0 0 0 0 0 0 0 0 0 0 0 0 0 0 0 0 0 0 0 0 0 0 0 0 0 0 0 0 0 0 0 0 0 0 0 0 0 0 0 0 0 0 0 36 0 0 0 0 4 0 2 2 0 2 0 2 0 0 0 0 34 0 0 0 0 0 0 0 0 0 0 0 0 0 0 0 0 0 0 0 1 0 1 0 0 0 0 0 0 4 0 0 0 0 0 0 0 0 0 0 0 0 2 0 0 0 0 0 0 0 0 0 0 0 0 0 0 0 0 0 0 0 0 0 0 0 0 0 0 0 0 0 0 0 0 0 0 0 0 0 0 0 0 5227 4 4 0 0 0 0 0 0 0 0 0 0 0
ctxt 97830
btime 17523
processes 1191
procs_running 14
procs_blocked 1
softirq 22958 0 10806 0 0 0 0 326 3420 0 8406

1471
cpu  1775 59 1765 1958 103 118 22 0 0 0
cpu0 379 4 531 385 60 85 5 0 0 0
cpu1 460 33 443 476 18 11 5 0 0 0
cpu2 415 10 460 541 13 11 6 0 0 0
cpu3 519 11 329 556 11 10 5 0 0 0
intr 51818 0 0 0 0 12027 0 0 0 11 11 0 0 0 0 0 0 0 0 0 0 0 0 0 1105 9081 2 0 2 0 0 16 0 0 0 0 0 0 0 0 0 0 0 0 0 0 51 0 0 0 0 0 0 11 0 0 0 0 0 0 0 0 0 0 0 0 0 3 0 0 0 0 0 0 0 0 0 0 0 0 0 0 0 0 0 0 0 0 0 0 0 0 0 0 0 0 0 0 0 0 0 0 0 0 0 0 0 0 0 0 0 0 0 0 0 0 0 0 0 0 0 0 0 0 0 0 0 0 0 0 0 0 0 0 0 0 0 0 0 0 0 0 0 0 45 0 0 0 0 6 0 2 2 0 2 0 2 0 0 0 0 34 0 0 0 0 0 0 0 0 0 0 0 0 0 0 0 0 0 0 0 1 0 1 0 0 0 0 0 0 5 0 0 0 0 0 0 0 0 0 0 0 0 2 0 0 0 0 0 0 0 0 0 0 0 0 0 0 0 0 0 0 0 0 0 0 0 0 0 0 0 0 0 0 0 0 0 0 0 0 0 0 0 0 5350 4 4 0 0 0 0 0 0 0 0 0 0 0
ctxt 99795
btime 17523
processes 1213
procs_running 19
procs_blocked 1
softirq 23472 0 11146 0 0 0 0 326 3430 0 8570

1506
cpu  1860 60 1815 1958 103 122 23 0 0 0
cpu0 395 4 548 385 60 87 5 0 0 0
cpu1 472 33 465 476 18 11 6 0 0 0
cpu2 440 11 469 541 13 11 6 0 0 0
cpu3 551 11 332 556 11 11 5 0 0 0
intr 52724 0 0 0 0 12398 0 0 0 11 11 0 0 0 0 0 0 0 0 0 0 0 0 0 1130 9230 2 0 2 0 0 17 0 0 0 0 0 0 0 0 0 0 0 0 0 0 53 0 0 0 0 0 0 11 0 0 0 0 0 0 0 0 0 0 0 0 0 3 0 0 0 0 0 0 0 0 0 0 0 0 0 0 0 0 0 0 0 0 0 0 0 0 0 0 0 0 0 0 0 0 0 0 0 0 0 0 0 0 0 0 0 0 0 0 0 0 0 0 0 0 0 0 0 0 0 0 0 0 0 0 0 0 0 0 0 0 0 0 0 0 0 0 0 0 61 0 0 0 0 6 0 2 2 0 2 0 2 0 0 0 0 34 0 0 0 0 0 0 0 0 0 0 0 0 0 0 0 0 0 0 0 1 0 1 0 0 0 0 0 0 5 0 0 0 0 0 0 0 0 0 0 0 0 2 0 0 0 0 0 0 0 0 0 0 0 0 0 0 0 0 0 0 0 0 0 0 0 0 0 0 0 0 0 0 0 0 0 0 0 0 0 0 0 0 5395 4 4 0 0 0 0 0 0 0 0 0 0 0
ctxt 101786
btime 17523
processes 1235
procs_running 15
procs_blocked 0
softirq 24106 0 11498 0 0 0 0 342 3443 0 8823

1542
cpu  1955 61 1861 1958 103 124 24 0 0 0
cpu0 409 4 568 385 60 88 5 0 0 0
cpu1 485 33 489 476 18 12 6 0 0 0
cpu2 474 11 470 541 13 12 6 0 0 0
cpu3 586 12 332 556 11 11 5 0 0 0
intr 53367 0 0 0 0 12782 0 0 0 11 11 0 0 0 0 0 0 0 0 0 0 0 0 0 1130 9323 2 0 2 0 0 17 0 0 0 0 0 0 0 0 0 0 0 0 0 0 53 0 0 0 0 0 0 11 0 0 0 0 0 0 0 0 0 0 0 0 0 3 0 0 0 0 0 0 0 0 0 0 0 0 0 0 0 0 0 0 0 0 0 0 0 0 0 0 0 0 0 0 0 0 0 0 0 0 0 0 0 0 0 0 0 0 0 0 0 0 0 0 0 0 0 0 0 0 0 0 0 0 0 0 0 0 0 0 0 0 0 0 0 0 0 0 0 0 68 0 0 0 0 6 0 2 2 0 2 0 2 0 0 0 0 34 0 0 0 0 0 0 0 0 0 0 0 0 0 0 0 0 0 0 0 1 0 1 0 0 0 0 0 0 5 0 0 0 0 0 0 0 0 0 0 0 0 2 0 0 0 0 0 0 0 0 0 0 0 0 0 0 0 0 0 0 0 0 0 0 0 0 0 0 0 0 0 0 0 0 0 0 0 0 0 0 0 0 5395 4 4 0 0 0 0 0 0 0 0 0 0 0
ctxt 103390
btime 17523
processes 1282
procs_running 7
procs_blocked 1
softirq 24747 0 11862 0 0 0 0 342 3455 0 9088

1587
cpu  2054 61 1934 1958 103 129 25 0 0 0
cpu0 426 4 593 385 60 91 5 0 0 0
cpu1 501 33 515 476 18 12 6 0 0 0
cpu2 513 11 475 541 13 12 6 0 0 0
cpu3 612 12 350 556 11 12 5 0 0 0
intr 54770 0 0 0 0 13244 0 0 0 11 11 0 0 0 0 0 0 0 0 0 0 0 0 0 1134 9592 2 0 2 0 0 18 0 0 0 0 0 0 0 0 0 0 0 0 0 0 53 0 0 0 0 0 0 11 0 0 0 0 0 0 0 0 0 0 0 0 0 3 0 0 0 0 0 0 0 0 0 0 0 0 0 0 0 0 0 0 0 0 0 0 0 0 0 0 0 0 0 0 0 0 0 0 0 0 0 0 0 0 0 0 0 0 0 0 0 0 0 0 0 0 0 0 0 0 0 0 0 0 0 0 0 0 0 0 0 0 0 0 0 0 0 0 0 0 77 0 0 0 0 6 0 2 2 0 2 0 2 0 0 0 0 34 0 0 0 0 0 0 0 0 0 0 0 0 0 0 0 0 0 0 0 1 0 1 0 0 0 0 0 0 6 0 0 0 0 0 0 0 0 0 0 0 0 2 0 0 0 0 0 0 0 0 0 0 0 0 0 0 0 0 0 0 0 0 0 0 0 0 0 0 0 0 0 0 0 0 0 0 0 0 0 0 0 0 5455 4 4 0 0 0 0 0 0 0 0 0 0 0
ctxt 106765
btime 17523
processes 1327
procs_running 20
procs_blocked 0
softirq 25531 0 12300 0 0 0 0 342 3467 0 9422

1635
cpu  2147 62 2024 1958 103 134 25 0 0 0
cpu0 437 5 625 385 60 95 6 0 0 0
cpu1 525 33 538 476 18 13 7 0 0 0
cpu2 559 11 476 541 13 13 6 0 0 0
cpu3 625 12 383 556 11 12 5 0 0 0
intr 55942 0 0 0 0 13760 0 0 0 11 11 0 0 0 0 0 0 0 0 0 0 0 0 0 1134 9925 2 0 2 0 0 18 0 0 0 0 0 0 0 0 0 0 0 0 0 0 53 0 0 0 0 0 0 11 0 0 0 0 0 0 0 0 0 0 0 0 0 3 0 0 0 0 0 0 0 0 0 0 0 0 0 0 0 0 0 0 0 0 0 0 0 0 0 0 0 0 0 0 0 0 0 0 0 0 0 0 0 0 0 0 0 0 0 0 0 0 0 0 0 0 0 0 0 0 0 0 0 0 0 0 0 0 0 0 0 0 0 0 0 0 0 0 0 0 88 0 0 0 0 6 0 2 2 0 2 0 2 0 0 0 0 34 0 0 0 0 0 0 0 0 0 0 0 0 0 0 0 0 0 0 0 1 0 1 0 0 0 0 0 0 6 0 0 0 0 0 0 0 0 0 0 0 0 2 0 0 0 0 0 0 0 0 0 0 0 0 0 0 0 0 0 0 0 0 0 0 0 0 0 0 0 0 0 0 0 0 0 0 0 0 0 0 0 0 5455 4 4 0 0 0 0 0 0 0 0 0 0 0
ctxt 109663
btime 17523
processes 1377
procs_running 25
procs_blocked 2
softirq 26375 0 12776 0 0 0 0 347 3486 0 9766

1706
cpu  2292 63 2157 1958 103 141 27 0 0 0
cpu0 455 5 673 385 60 99 6 0 0 0
cpu1 561 33 573 476 18 14 7 0 0 0
cpu2 622 11 483 541 13 14 6 0 0 0
cpu3 651 13 426 556 11 13 6 0 0 0
intr 57798 0 0 0 0 14501 0 0 0 11 11 0 0 0 0 0 0 0 0 0 0 0 0 0 1148 10369 2 0 2 0 0 18 0 0 0 0 0 0 0 0 0 0 0 0 0 0 53 0 0 0 0 0 0 11 0 0 0 0 0 0 0 0 0 0 0 0 0 3 0 0 0 0 0 0 0 0 0 0 0 0 0 0 0 0 0 0 0 0 0 0 0 0 0 0 0 0 0 0 0 0 0 0 0 0 0 0 0 0 0 0 0 0 0 0 0 0 0 0 0 0 0 0 0 0 0 0 0 0 0 0 0 0 0 0 0 0 0 0 0 0 0 0 0 0 125 0 0 0 0 6 0 2 2 0 2 0 2 0 0 0 0 34 0 0 0 0 0 0 0 0 0 0 0 0 0 0 0 0 0 0 0 1 0 1 0 0 0 0 0 0 6 0 0 0 0 0 0 0 0 0 0 0 0 2 0 0 0 0 0 0 0 0 0 0 0 0 0 0 0 0 0 0 0 0 0 0 0 0 0 0 0 0 0 0 0 0 0 0 0 0 0 0 0 0 5485 4 4 0 0 0 0 0 0 0 0 0 0 0
ctxt 114851
btime 17523
processes 1462
procs_running 36
procs_blocked 1
softirq 27588 0 13489 0 0 0 0 349 3504 0 10246

1759
cpu  2397 63 2255 1958 103 147 28 0 0 0
cpu0 469 5 708 385 60 103 6 0 0 0
cpu1 581 33 604 476 18 14 7 0 0 0
cpu2 671 11 487 541 13 14 6 0 0 0
cpu3 674 13 454 556 11 14 7 0 0 0
intr 59217 0 0 0 0 15063 0 0 0 11 11 0 0 0 0 0 0 0 0 0 0 0 0 0 1152 10745 2 0 2 0 0 18 0 0 0 0 0 0 0 0 0 0 0 0 0 0 53 0 0 0 0 0 0 11 0 0 0 0 0 0 0 0 0 0 0 0 0 3 0 0 0 0 0 0 0 0 0 0 0 0 0 0 0 0 0 0 0 0 0 0 0 0 0 0 0 0 0 0 0 0 0 0 0 0 0 0 0 0 0 0 0 0 0 0 0 0 0 0 0 0 0 0 0 0 0 0 0 0 0 0 0 0 0 0 0 0 0 0 0 0 0 0 0 0 134 0 0 0 0 6 0 2 2 0 2 0 2 0 0 0 0 34 0 0 0 0 0 0 0 0 0 0 0 0 0 0 0 0 0 0 0 1 0 1 0 0 0 0 0 0 6 0 0 0 0 0 0 0 0 0 0 0 0 2 0 0 0 0 0 0 0 0 0 0 0 0 0 0 0 0 0 0 0 0 0 0 0 0 0 0 0 0 0 0 0 0 0 0 0 0 0 0 0 0 5490 4 4 0 0 0 0 0 0 0 0 0 0 0
ctxt 118390
btime 17523
processes 1520
procs_running 25
procs_blocked 2
softirq 28489 0 14007 0 0 0 0 353 3516 0 10613

1813
cpu  2501 64 2358 1958 103 154 29 0 0 0
cpu0 484 5 742 385 60 109 6 0 0 0
cpu1 622 33 616 476 18 15 7 0 0 0
cpu2 700 11 511 541 13 15 7 0 0 0
cpu3 695 13 487 556 11 14 7 0 0 0
intr 62269 0 0 0 0 15642 0 0 0 11 11 0 0 0 0 0 0 0 0 0 0 0 0 0 1175 11191 2 0 2 0 6 19 0 0 0 0 0 0 0 0 0 0 0 0 0 1 55 0 0 0 0 0 0 11 0 0 0 0 0 0 0 0 0 0 0 0 0 3 0 0 0 0 0 0 0 0 0 0 0 0 0 0 0 0 0 0 0 0 0 0 0 0 0 0 0 0 0 0 0 0 0 0 0 0 0 0 0 0 0 0 0 0 0 0 0 0 0 0 0 0 0 0 0 0 0 0 0 0 0 0 0 0 0 0 0 0 0 0 0 0 0 0 0 0 148 0 0 0 0 6 0 2 2 0 2 0 2 0 0 0 0 40 0 0 0 0 0 0 0 0 0 0 0 0 0 0 0 0 0 0 0 1 0 1 0 1 0 1 0 0 6 0 0 0 0 0 0 0 0 0 0 0 0 2 0 0 0 0 0 0 0 0 0 0 0 0 0 0 0 0 0 0 0 0 0 0 0 0 0 0 1 0 0 0 0 0 0 0 0 0 0 0 0 0 5650 4 4 0 0 0 0 0 0 0 0 0 0 0 405
ctxt 129442
btime 17523
processes 1582
procs_running 24
procs_blocked 0
softirq 29430 0 14531 0 0 0 0 407 3529 0 10963

1862
cpu  2594 64 2457 1958 103 160 29 0 0 0
cpu0 501 5 771 385 60 113 6 0 0 0
cpu1 659 34 627 476 18 15 7 0 0 0
cpu2 725 11 535 541 13 15 7 0 0 0
cpu3 708 13 523 556 11 15 8 0 0 0
intr 65800 0 0 0 0 16174 0 0 0 11 11 0 0 0 0 0 0 0 0 0 0 0 0 0 1175 11413 2 0 2 0 7 20 0 0 0 0 0 0 0 0 0 0 0 0 0 1 55 0 0 0 0 0 0 11 0 0 0 0 0 0 0 0 0 0 0 0 0 4 0 0 0 0 0 0 0 0 0 0 0 0 0 0 0 0 0 0 0 0 0 0 0 0 0 0 0 0 0 0 0 0 0 0 0 0 0 0 0 0 0 0 0 0 0 0 0 0 0 0 0 0 0 0 0 0 0 0 0 0 0 0 0 0 0 0 0 0 0 0 0 0 0 0 0 0 148 0 0 0 0 6 0 2 2 0 2 0 2 0 0 0 0 44 0 0 0 0 0 0 0 0 0 0 0 0 0 0 0 0 0 0 0 1 0 1 0 1 0 1 0 0 6 0 0 27 0 0 0 0 0 0 0 0 0 2 0 0 0 0 0 0 0 0 0 0 0 0 0 0 0 0 0 0 0 0 0 0 0 0 0 0 1 0 0 0 0 0 0 0 0 0 0 0 0 0 5659 4 4 0 0 0 0 0 0 0 0 0 0 0 1174
ctxt 139312
btime 17523
processes 1631
procs_running 14
procs_blocked 0
softirq 30358 0 15021 0 0 0 0 447 3542 0 11348

1893
cpu  2653 64 2518 1958 103 163 30 0 0 0
cpu0 516 5 784 385 60 115 6 0 0 0
cpu1 681 34 636 476 18 16 8 0 0 0
cpu2 742 11 548 541 13 16 7 0 0 0
cpu3 712 13 548 556 11 15 8 0 0 0
intr 67487 0 0 0 0 16499 0 0 0 11 11 0 0 0 0 0 0 0 0 0 0 0 0 0 1177 11522 2 0 2 0 7 20 0 0 0 0 0 0 0 0 0 0 0 0 0 1 55 0 0 0 0 0 0 11 0 0 0 0 0 0 0 0 0 0 0 0 0 4 0 0 0 0 0 0 0 0 0 0 0 0 0 0 0 0 0 0 0 0 0 0 0 0 0 0 0 0 0 0 0 0 0 0 0 0 0 0 0 0 0 0 0 0 0 0 0 0 0 0 0 0 0 0 0 0 0 0 0 0 0 0 0 0 0 0 0 0 0 0 0 0 0 0 0 0 148 0 0 0 0 6 0 2 2 0 2 0 2 0 0 0 0 44 0 0 0 0 0 0 0 0 0 0 0 0 0 0 0 0 0 0 0 1 0 1 0 1 0 1 0 0 6 0 0 126 0 0 0 0 0 0 0 0 0 2 0 0 0 0 0 0 0 0 0 0 0 0 0 0 0 0 0 8 0 0 0 0 0 0 0 0 1 0 0 0 0 0 0 0 0 0 0 0 0 0 5659 4 4 0 0 0 0 0 0 0 0 0 0 0 1201 0 0
ctxt 146585
btime 17523
processes 1651
procs_running 6
procs_blocked 2
softirq 30881 0 15317 0 0 0 0 447 3551 0 11566

1940
cpu  2769 64 2586 1958 103 167 31 0 0 0
cpu0 537 5 807 385 60 117 7 0 0 0
cpu1 726 34 637 476 18 16 8 0 0 0
cpu2 780 11 557 541 13 16 7 0 0 0
cpu3 723 13 584 556 11 16 8 0 0 0
intr 68675 0 0 0 0 16997 0 0 0 11 11 0 0 0 0 0 0 0 0 0 0 0 0 0 1177 11765 2 0 2 0 7 20 0 0 0 0 0 0 0 0 0 0 0 0 0 1 55 0 0 0 0 0 0 11 0 0 0 0 0 0 0 0 0 0 0 0 0 4 0 0 0 0 0 0 0 0 0 0 0 0 0 0 0 0 0 0 0 0 0 0 0 0 0 0 0 0 0 0 0 0 0 0 0 0 0 0 0 0 0 0 0 0 0 0 0 0 0 0 0 0 0 0 0 0 0 0 0 0 0 0 0 0 0 0 0 0 0 0 0 0 0 0 0 0 148 0 0 0 0 6 0 2 2 0 2 0 2 0 0 0 0 44 0 0 0 0 0 0 0 0 0 0 0 0 0 0 0 0 0 0 0 1 0 1 0 1 0 1 0 0 6 0 0 148 0 0 0 0 0 0 0 0 0 2 0 0 0 0 0 0 0 0 0 0 0 0 0 0 0 0 0 14 0 0 0 0 0 0 0 0 1 0 0 0 0 0 0 0 0 0 0 0 0 0 5661 4 4 0 0 0 0 0 0 0 0 0 0 0 1202 0 0
ctxt 150150
btime 17523
processes 1682
procs_running 9
procs_blocked 0
softirq 31766 0 15789 0 0 0 0 463 3563 0 11951

1976
cpu  2856 64 2636 1958 103 169 32 0 0 0
cpu0 559 5 819 385 60 118 7 0 0 0
cpu1 759 34 639 476 18 16 8 0 0 0
cpu2 810 11 561 541 13 17 7 0 0 0
cpu3 726 13 615 556 11 16 8 0 0 0
intr 69177 0 0 0 0 17366 0 0 0 11 11 0 0 0 0 0 0 0 0 0 0 0 0 0 1177 11839 2 0 2 0 7 20 0 0 0 0 0 0 0 0 0 0 0 0 0 1 55 0 0 0 0 0 0 11 0 0 0 0 0 0 0 0 0 0 0 0 0 4 0 0 0 0 0 0 0 0 0 0 0 0 0 0 0 0 0 0 0 0 0 0 0 0 0 0 0 0 0 0 0 0 0 0 0 0 0 0 0 0 0 0 0 0 0 0 0 0 0 0 0 0 0 0 0 0 0 0 0 0 0 0 0 0 0 0 0 0 0 0 0 0 0 0 0 0 148 0 0 0 0 6 0 2 2 0 2 0 2 0 0 0 0 44 0 0 0 0 0 0 0 0 0 0 0 0 0 0 0 0 0 0 0 1 0 1 0 1 0 1 0 0 6 0 0 148 0 0 0 0 0 0 0 0 0 2 0 0 0 0 0 0 0 0 0 0 0 0 0 0 0 0 0 14 0 0 0 0 0 0 0 0 1 0 0 0 0 0 0 0 0 0 0 0 0 0 5661 4 4 0 0 0 0 0 0 0 0 0 0 0 1202 0 0
ctxt 151268
btime 17523
processes 1696
procs_running 10
procs_blocked 0
softirq 32374 0 16141 0 0 0 0 463 3570 0 12200

2012
cpu  2942 65 2691 1958 103 172 32 0 0 0
cpu0 574 6 837 385 60 120 8 0 0 0
cpu1 792 34 642 476 18 17 8 0 0 0
cpu2 841 11 566 541 13 17 7 0 0 0
cpu3 733 13 644 556 11 16 8 0 0 0
intr 69982 0 0 0 0 17741 0 0 0 11 11 0 0 0 0 0 0 0 0 0 0 0 0 0 1177 12048 2 0 2 0 7 20 0 0 0 0 0 0 0 0 0 0 0 0 0 1 55 0 0 0 0 0 0 11 0 0 0 0 0 0 0 0 0 0 0 0 0 4 0 0 0 0 0 0 0 0 0 0 0 0 0 0 0 0 0 0 0 0 0 0 0 0 0 0 0 0 0 0 0 0 0 0 0 0 0 0 0 0 0 0 0 0 0 0 0 0 0 0 0 0 0 0 0 0 0 0 0 0 0 0 0 0 0 0 0 0 0 0 0 0 0 0 0 0 148 0 0 0 0 6 0 2 2 0 2 0 2 0 0 0 0 44 0 0 0 0 0 0 0 0 0 0 0 0 0 0 0 0 0 0 0 1 0 1 0 1 0 1 0 0 6 0 0 148 0 0 0 0 0 0 0 0 0 2 0 0 0 0 0 0 0 0 0 0 0 0 0 0 0 0 0 14 0 0 0 0 0 0 0 0 1 0 0 0 0 0 0 0 0 0 0 0 0 0 5661 4 4 0 0 0 0 0 0 0 0 0 0 0 1203 0 0
ctxt 153978
btime 17523
processes 1730
procs_running 9
procs_blocked 0
softirq 33060 0 16501 0 0 0 0 501 3585 0 12473

2042
cpu  3007 66 2742 1958 103 174 33 0 0 0
cpu0 590 7 849 385 60 122 8 0 0 0
cpu1 803 34 661 476 18 17 8 0 0 0
cpu2 865 11 571 541 13 17 7 0 0 0
cpu3 747 13 660 556 11 17 8 0 0 0
intr 71856 0 0 0 0 18060 0 0 0 11 11 0 0 0 0 0 0 0 0 0 0 0 0 0 1177 12188 2 0 2 0 7 20 0 0 0 0 0 0 0 0 0 0 0 0 0 1 55 0 0 0 0 0 0 11 0 0 0 0 0 0 0 0 0 0 0 0 0 4 0 0 0 0 0 0 0 0 0 0 0 0 0 0 0 0 0 0 0 0 0 0 0 0 0 0 0 0 0 0 0 0 0 0 0 0 0 0 0 0 0 0 0 0 0 0 0 0 0 0 0 0 0 0 0 0 0 0 0 0 0 0 0 0 0 0 0 0 0 0 0 0 0 0 0 0 148 0 0 0 0 6 0 2 2 0 2 0 2 0 0 0 0 47 0 0 0 0 0 0 0 0 0 0 0 0 0 0 0 0 0 0 0 1 0 1 0 1 0 1 0 0 6 0 0 148 0 0 0 0 0 0 0 0 0 2 0 0 0 0 0 0 0 0 0 0 0 0 0 0 0 0 0 14 0 0 0 0 0 0 0 0 1 0 0 0 0 0 0 0 0 0 0 0 0 0 5663 4 4 0 0 0 0 0 0 0 0 0 0 0 1336 0 0
ctxt 161998
btime 17523
processes 1772
procs_running 9
procs_blocked 0
softirq 33613 0 16798 0 0 0 0 525 3598 0 12692

2073
cpu  3084 66 2785 1958 103 177 33 0 0 0
cpu0 605 7 862 385 60 123 8 0 0 0
cpu1 814 34 679 476 18 17 8 0 0 0
cpu2 889 11 579 541 13 18 7 0 0 0
cpu3 774 13 663 556 11 17 8 0 0 0
intr 72750 0 0 0 0 18394 0 0 0 11 11 0 0 0 0 0 0 0 0 0 0 0 0 0 1177 12300 2 0 2 0 7 20 0 0 0 0 0 0 0 0 0 0 0 0 0 1 55 0 0 0 0 0 0 11 0 0 0 0 0 0 0 0 0 0 0 0 0 4 0 0 0 0 0 0 0 0 0 0 0 0 0 0 0 0 0 0 0 0 0 0 0 0 0 0 0 0 0 0 0 0 0 0 0 0 0 0 0 0 0 0 0 0 0 0 0 0 0 0 0 0 0 0 0 0 0 0 0 0 0 0 0 0 0 0 0 0 0 0 0 0 0 0 0 0 148 0 0 0 0 6 0 2 2 0 2 0 2 0 0 0 0 48 0 0 0 0 0 0 0 0 0 0 0 0 0 0 0 0 0 0 0 1 0 1 0 1 0 1 0 0 6 0 0 148 0 0 0 0 0 0 0 0 0 2 0 0 0 0 0 0 0 0 0 0 0 0 0 0 0 0 0 14 0 0 0 0 0 0 0 0 1 0 0 0 0 0 0 0 0 0 0 0 0 0 5671 5 4 0 0 0 0 0 0 0 0 0 0 0 1419 0 0
ctxt 164329
btime 17523
processes 1797
procs_running 7
procs_blocked 0
softirq 34210 0 17109 0 0 0 0 529 3626 0 12946

2099
cpu  3141 71 2824 1960 103 179 34 0 0 0
cpu0 618 8 872 386 60 124 8 0 0 0
cpu1 823 36 692 476 18 18 8 0 0 0
cpu2 898 11 595 541 13 18 8 0 0 0
cpu3 801 13 663 556 11 17 8 0 0 0
intr 73442 0 0 0 0 18724 0 0 0 11 11 0 0 0 0 0 0 0 0 0 0 0 0 0 1177 12375 2 0 2 0 7 20 0 0 0 0 0 0 0 0 0 0 0 0 0 1 55 0 0 0 0 0 0 11 0 0 0 0 0 0 0 0 0 0 0 0 0 4 0 0 0 0 0 0 0 0 0 0 0 0 0 0 0 0 0 0 0 0 0 0 0 0 0 0 0 0 0 0 0 0 0 0 0 0 0 0 0 0 0 0 0 0 0 0 0 0 0 0 0 0 0 0 0 0 0 0 0 0 0 0 0 0 0 0 0 0 0 0 0 0 0 0 0 0 148 0 0 0 0 6 0 2 2 0 2 0 2 0 0 0 0 48 0 0 0 0 0 0 0 0 0 0 0 0 0 0 0 0 0 0 0 1 0 1 0 1 0 1 0 0 6 0 0 148 0 0 0 0 0 0 0 0 0 2 0 0 0 0 0 0 0 0 0 0 0 0 0 0 0 0 0 14 0 0 0 0 0 0 0 0 1 0 0 0 0 0 0 0 0 0 0 0 0 0 5671 5 4 0 0 0 0 0 0 0 0 0 0 0 1421 0 0
ctxt 166792
btime 17523
processes 1845
procs_running 8
procs_blocked 1
softirq 34726 0 17371 0 0 0 0 548 3655 0 13152

2140
cpu  3237 76 2880 1961 103 182 35 0 0 0
cpu0 633 13 891 387 60 126 8 0 0 0
cpu1 847 37 708 476 18 18 9 0 0 0
cpu2 921 11 611 541 13 19 8 0 0 0
cpu3 835 13 669 556 11 18 8 0 0 0
intr 75270 0 0 0 0 19300 0 0 0 11 11 0 0 0 0 0 0 0 0 0 0 0 0 0 1216 12436 2 0 2 0 7 21 0 0 0 0 0 0 0 0 0 0 0 0 0 1 55 0 0 0 0 0 0 11 0 0 0 0 0 0 0 0 0 0 0 0 0 4 0 0 0 0 0 0 0 0 0 0 0 0 0 0 0 0 0 0 0 0 0 0 0 0 0 0 0 0 0 0 0 0 0 0 0 0 0 0 0 0 0 0 0 0 0 0 0 0 0 0 0 0 0 0 0 0 0 0 0 0 0 0 0 0 0 0 0 0 0 0 0 0 0 0 0 0 148 0 0 0 0 6 0 2 2 0 2 0 2 0 0 0 0 48 0 0 0 0 0 0 0 0 0 0 0 0 0 0 0 0 0 0 0 1 0 1 0 1 0 1 0 0 6 0 0 148 0 0 0 0 0 0 0 0 0 2 0 0 0 0 0 0 0 0 0 0 0 0 0 0 0 0 0 14 0 0 0 0 0 0 0 0 1 0 0 0 0 0 0 0 0 0 0 0 0 0 5683 5 4 0 0 0 0 0 0 0 0 0 0 0 1585 0 0
ctxt 174462
btime 17523
processes 1921
procs_running 4
procs_blocked 0
softirq 35477 0 17779 0 0 0 0 564 3677 0 13457

2165
cpu  3283 76 2914 1976 103 184 35 0 0 0
cpu0 641 13 904 390 60 126 8 0 0 0
cpu1 856 37 717 481 18 19 9 0 0 0
cpu2 946 11 611 541 13 19 8 0 0 0
cpu3 838 13 680 563 11 18 9 0 0 0
intr 76030 0 0 0 0 19661 0 0 0 11 11 0 0 0 0 0 0 0 0 0 0 0 0 0 1234 12458 2 0 2 0 7 21 0 0 0 0 0 0 0 0 0 0 0 0 0 1 55 0 0 0 0 0 0 11 0 0 0 0 0 0 0 0 0 0 0 0 0 4 0 0 0 0 0 0 0 0 0 0 0 0 0 0 0 0 0 0 0 0 0 0 0 0 0 0 0 0 0 0 0 0 0 0 0 0 0 0 0 0 0 0 0 0 0 0 0 0 0 0 0 0 0 0 0 0 0 0 0 0 0 0 0 0 0 0 0 0 0 0 0 0 0 0 0 0 148 0 0 0 0 6 0 2 2 0 2 0 2 0 0 0 0 48 0 0 0 0 0 0 0 0 0 0 0 0 0 0 0 0 0 0 0 1 0 1 0 1 0 1 0 0 6 0 0 148 0 0 0 0 0 0 0 0 0 2 0 0 0 0 0 0 0 0 0 0 0 0 0 0 0 0 0 14 0 0 0 0 0 0 0 0 1 0 0 0 0 0 0 0 0 0 0 0 0 0 5683 5 4 0 0 0 0 0 0 0 0 0 0 0 1589 0 0
ctxt 176125
btime 17523
processes 1939
procs_running 6
procs_blocked 0
softirq 35996 0 18014 0 0 0 0 564 3761 0 13657

2193
cpu  3336 76 2959 1985 104 186 36 0 0 0
cpu0 651 13 918 392 60 127 8 0 0 0
cpu1 864 37 734 484 18 19 9 0 0 0
cpu2 971 11 612 542 13 19 8 0 0 0
cpu3 848 13 694 566 11 19 9 0 0 0
intr 77163 0 0 0 0 20132 0 0 0 11 11 0 0 0 0 0 0 0 0 0 0 0 0 0 1297 12465 2 0 2 0 7 21 0 0 0 0 0 0 0 0 0 0 0 0 0 1 82 0 0 0 0 0 0 11 0 0 0 0 0 0 0 0 0 0 0 0 0 4 0 0 0 0 0 0 0 0 0 0 0 0 0 0 0 0 0 0 0 0 0 0 0 0 0 0 0 0 0 0 0 0 0 0 0 0 0 0 0 0 0 0 0 0 0 0 0 0 0 0 0 0 0 0 0 0 0 0 0 0 0 0 0 0 0 0 0 0 0 0 0 0 0 0 0 0 148 0 0 0 0 6 0 2 2 0 2 0 2 0 0 0 0 48 0 0 0 0 0 0 0 0 0 0 0 0 0 0 0 0 0 0 0 1 0 1 0 1 0 1 0 0 6 0 0 148 0 0 0 0 0 0 0 0 0 2 0 0 0 0 0 0 0 0 0 0 0 0 0 0 0 0 0 14 0 0 0 0 0 0 0 0 1 0 0 0 0 0 0 0 0 0 0 0 0 0 5691 6 4 0 0 0 0 0 0 0 0 0 0 0 1642 0 0
ctxt 179319
btime 17523
processes 1964
procs_running 4
procs_blocked 0
softirq 36556 0 18281 0 0 0 0 570 3817 0 13888

2217
cpu  3375 76 3002 1998 104 188 36 0 0 0
cpu0 661 13 928 395 60 128 9 0 0 0
cpu1 875 37 743 488 18 20 9 0 0 0
cpu2 981 11 621 546 13 20 8 0 0 0
cpu3 856 13 709 567 11 19 9 0 0 0
intr 78086 0 0 0 0 20547 0 0 0 11 11 0 0 0 0 0 0 0 0 0 0 0 0 0 1306 12465 2 0 2 0 7 21 0 0 0 0 0 0 0 0 0 0 0 0 0 1 85 0 0 0 0 0 0 11 0 0 0 0 0 0 0 0 0 0 0 0 0 4 0 0 0 0 0 0 0 0 0 0 0 0 0 0 0 0 0 0 0 0 0 0 0 0 0 0 0 0 0 0 0 0 0 0 0 0 0 0 0 0 0 0 0 0 0 0 0 0 0 0 0 0 0 0 0 0 0 0 0 0 0 0 0 0 0 0 0 0 0 0 0 0 0 0 0 0 148 0 0 0 0 6 0 2 2 0 2 0 2 0 0 0 0 48 0 0 0 0 0 0 0 0 0 0 0 0 0 0 0 0 0 0 0 1 0 1 0 1 0 1 0 0 6 0 0 148 0 0 0 0 0 0 0 0 0 2 0 0 0 0 0 0 0 0 0 0 0 0 0 0 0 0 0 14 0 0 0 0 0 0 0 0 1 0 0 0 0 0 0 0 0 0 0 0 0 0 5691 6 4 0 0 0 0 0 0 0 0 0 0 0 1685 0 0
ctxt 181490
btime 17523
processes 1984
procs_running 4
procs_blocked 0
softirq 37065 0 18506 0 0 0 0 572 3897 0 14090

2247
cpu  3423 76 3052 2010 108 191 37 0 0 0
cpu0 673 13 940 398 61 130 9 0 0 0
cpu1 889 37 754 491 19 20 9 0 0 0
cpu2 992 11 635 549 14 20 8 0 0 0
cpu3 867 13 721 571 12 20 9 0 0 0
intr 79282 0 0 0 0 21058 0 0 0 11 11 0 0 0 0 0 0 0 0 0 0 0 0 0 1341 12539 2 0 2 0 7 21 0 0 0 0 0 0 0 0 0 0 0 0 0 1 98 0 0 0 0 0 0 11 0 0 0 0 0 0 0 0 0 0 0 0 0 4 0 0 0 0 0 0 0 0 0 0 0 0 0 0 0 0 0 0 0 0 0 0 0 0 0 0 0 0 0 0 0 0 0 0 0 0 0 0 0 0 0 0 0 0 0 0 0 0 0 0 0 0 0 0 0 0 0 0 0 0 0 0 0 0 0 0 0 0 0 0 0 0 0 0 0 0 148 0 0 0 0 6 0 2 2 0 2 0 2 0 0 0 0 49 0 0 0 0 0 0 0 0 0 0 0 0 0 0 0 0 0 0 0 1 0 1 0 1 0 1 0 0 6 0 0 148 0 0 0 0 0 0 0 0 0 2 0 0 0 0 0 0 0 0 0 0 0 0 0 0 0 0 0 14 0 0 0 0 0 0 0 0 1 0 0 0 0 0 0 0 0 0 0 0 0 0 5691 6 4 0 0 0 0 0 0 0 0 0 0 0 1754 0 0
ctxt 183930
btime 17523
processes 2009
procs_running 7
procs_blocked 4
softirq 37684 0 18766 0 0 0 0 587 4001 0 14330

2273
cpu  3466 76 3103 2014 108 195 38 0 0 0
cpu0 686 13 950 398 62 132 9 0 0 0
cpu1 899 37 766 494 19 21 9 0 0 0
cpu2 1003 11 649 549 14 21 9 0 0 0
cpu3 877 13 736 572 12 20 9 0 0 0
intr 80535 0 0 0 0 21487 0 0 0 11 11 0 0 0 0 0 0 0 0 0 0 0 0 0 1391 12667 2 0 2 0 7 21 0 6 1 36 30 0 0 0 0 0 0 0 0 1 112 0 0 0 0 0 0 11 0 0 0 0 0 0 0 0 0 0 0 0 0 4 0 0 0 0 0 0 0 0 0 0 0 0 0 0 0 0 0 0 0 0 0 0 0 0 0 0 0 0 0 0 0 0 0 0 0 0 0 0 0 0 0 0 0 0 0 0 0 0 0 0 0 0 0 0 0 0 0 0 0 0 0 0 0 0 0 0 0 0 0 0 0 0 0 0 0 0 148 0 0 0 0 6 0 2 2 0 2 0 2 0 0 0 0 49 0 0 0 0 0 0 0 0 0 0 0 0 0 0 0 0 0 0 0 1 0 1 0 1 0 1 0 0 6 0 0 148 0 0 0 0 0 0 0 0 0 2 0 0 0 0 0 0 0 0 0 0 0 0 0 0 0 0 0 14 0 0 0 0 0 0 0 0 1 0 0 0 0 0 0 0 0 0 0 0 0 0 5691 6 4 0 0 0 0 0 0 0 0 0 0 0 1776 0 0
ctxt 187423
btime 17523
processes 2021
procs_running 6
procs_blocked 2
softirq 38290 0 19012 0 1 0 0 671 4063 0 14543

2299
cpu  3492 76 3149 2033 114 199 39 0 0 0
cpu0 695 13 959 400 65 134 9 0 0 0
cpu1 907 37 777 499 20 21 10 0 0 0
cpu2 1006 11 664 556 15 21 9 0 0 0
cpu3 883 13 748 576 12 21 10 0 0 0
intr 81919 0 0 0 0 21926 0 0 0 11 11 0 0 0 0 0 0 0 0 0 0 0 0 0 1391 12850 2 0 2 0 7 21 0 6 1 36 30 0 0 0 0 0 0 0 0 1 117 0 0 0 0 0 0 11 0 0 0 0 0 0 0 0 0 0 0 0 0 4 0 0 0 0 0 0 0 0 0 0 0 0 0 0 0 0 0 0 0 0 0 0 0 0 0 0 0 0 0 0 0 0 0 0 0 0 0 0 0 0 0 0 0 0 0 0 0 0 0 0 0 0 0 0 0 0 0 0 0 0 0 0 0 0 0 0 0 0 0 0 0 0 0 0 0 0 148 0 0 0 0 6 0 2 2 0 2 0 2 0 0 0 0 49 0 0 0 0 0 0 0 0 0 0 0 0 0 0 0 0 0 0 0 1 0 1 0 1 0 1 0 0 6 0 0 148 0 0 0 0 0 0 0 0 0 2 0 0 0 0 0 0 0 0 0 0 0 0 0 0 0 0 0 14 0 0 0 0 0 0 0 0 1 0 0 0 0 0 0 0 0 0 0 0 0 0 5691 6 4 0 0 0 0 0 0 0 0 0 0 0 1812 0 0
ctxt 190688
btime 17523
processes 2031
procs_running 3
procs_blocked 0
softirq 38864 0 19233 0 1 0 0 674 4207 0 14749

2324
cpu  3518 76 3194 2043 120 204 40 0 0 0
cpu0 702 13 970 401 66 138 10 0 0 0
cpu1 914 37 788 503 22 22 10 0 0 0
cpu2 1011 11 676 560 17 21 9 0 0 0
cpu3 890 13 758 579 14 21 10 0 0 0
intr 84634 0 0 0 0 22310 0 0 0 11 11 0 0 0 0 0 0 0 0 0 0 0 0 0 1409 13660 2 0 2 0 7 21 0 6 1 36 30 0 0 0 0 0 0 0 0 1 128 0 0 0 0 0 0 11 0 0 0 0 0 0 0 0 0 0 0 0 0 4 0 0 0 0 0 0 0 0 0 0 0 0 0 0 0 0 0 0 0 0 0 0 0 0 0 0 0 0 0 0 0 0 0 0 0 0 0 0 0 0 0 0 0 0 0 0 0 0 0 0 0 0 0 0 0 0 0 0 0 0 0 0 0 0 0 0 0 0 0 0 0 0 0 0 0 0 148 0 0 0 0 6 0 2 2 0 2 0 2 0 0 0 0 49 0 0 0 0 0 0 0 0 0 0 0 0 0 0 0 0 0 0 0 1 0 1 0 1 0 1 0 0 6 0 0 148 0 0 0 0 0 0 0 0 0 2 0 0 0 0 0 0 0 0 0 0 0 0 0 0 0 0 0 14 0 0 0 0 0 0 0 0 1 0 0 0 0 0 0 0 0 0 0 0 0 0 5691 6 4 0 0 0 0 0 0 0 0 0 0 0 1852 0 0
ctxt 195562
btime 17523
processes 2041
procs_running 4
procs_blocked 0
softirq 39409 0 19440 0 1 0 0 676 4344 0 14948

2348
cpu  3543 76 3228 2075 123 208 40 0 0 0
cpu0 709 13 978 405 67 140 10 0 0 0
cpu1 919 37 796 514 22 22 10 0 0 0
cpu2 1016 11 686 568 18 22 9 0 0 0
cpu3 897 13 768 587 14 22 10 0 0 0
intr 86388 0 0 0 0 22684 0 0 0 11 11 0 0 0 0 0 0 0 0 0 0 0 0 0 1427 13960 2 0 2 0 7 21 0 6 1 36 30 0 0 0 0 0 0 0 0 1 139 0 0 0 0 0 0 11 0 0 0 0 0 0 0 0 0 0 0 0 0 4 0 0 0 0 0 0 0 0 0 0 0 0 0 0 0 0 0 0 0 0 0 0 0 0 0 0 0 0 0 0 0 0 0 0 0 0 0 0 0 0 0 0 0 0 0 0 0 0 0 0 0 0 0 0 0 0 0 0 0 0 0 0 0 0 0 0 0 0 0 0 0 0 0 0 0 0 148 0 0 0 0 6 0 2 2 0 2 0 2 0 0 0 0 49 0 0 0 0 0 0 0 0 0 0 0 0 0 0 0 0 0 0 0 1 0 1 0 1 0 1 0 0 6 0 0 148 0 0 0 0 0 0 0 0 0 2 0 0 0 0 0 0 0 0 0 0 0 0 0 0 0 0 0 14 0 0 0 0 0 0 0 0 1 0 0 0 0 0 0 0 0 0 0 0 0 0 5691 6 4 0 0 0 0 0 0 0 0 0 0 0 1889 0 0
ctxt 198844
btime 17523
processes 2051
procs_running 3
procs_blocked 2
softirq 39957 0 19644 0 1 0 0 678 4490 0 15144

2373
cpu  3563 76 3260 2109 127 211 41 0 0 0
cpu0 716 13 986 408 71 142 10 0 0 0
cpu1 924 37 803 525 23 23 10 0 0 0
cpu2 1021 11 694 578 18 22 9 0 0 0
cpu3 900 13 776 597 14 22 10 0 0 0
intr 87890 0 0 0 0 23045 0 0 0 11 11 0 0 0 0 0 0 0 0 0 0 0 0 0 1445 14108 2 0 2 0 7 21 0 6 1 36 30 0 0 0 0 0 0 0 0 1 150 0 0 0 0 0 0 11 0 0 0 0 0 0 0 0 0 0 0 0 0 4 0 0 0 0 0 0 0 0 0 0 0 0 0 0 0 0 0 0 0 0 0 0 0 0 0 0 0 0 0 0 0 0 0 0 0 0 0 0 0 0 0 0 0 0 0 0 0 0 0 0 0 0 0 0 0 0 0 0 0 0 0 0 0 0 0 0 0 0 0 0 0 0 0 0 0 0 148 0 0 0 0 6 0 2 2 0 2 0 2 0 0 0 0 49 0 0 0 0 0 0 0 0 0 0 0 0 0 0 0 0 0 0 0 1 0 1 0 1 0 1 0 0 6 0 0 148 0 0 0 0 0 0 0 0 0 2 0 0 0 0 0 0 0 0 0 0 0 0 0 0 0 0 0 14 0 0 0 0 0 0 0 0 1 0 0 0 0 0 0 0 0 0 0 0 0 0 5691 6 4 0 0 0 0 0 0 0 0 0 0 0 1928 0 0
ctxt 201907
btime 17523
processes 2063
procs_running 4
procs_blocked 0
softirq 40472 0 19825 0 1 0 0 680 4647 0 15319

2397
cpu  3579 76 3299 2135 131 217 42 0 0 0
cpu0 721 13 992 412 74 148 10 0 0 0
cpu1 927 37 816 531 24 23 10 0 0 0
cpu2 1023 11 701 589 18 23 10 0 0 0
cpu3 906 13 788 603 14 22 10 0 0 0
intr 91718 0 0 0 0 23366 0 0 0 11 11 0 0 0 0 0 0 0 0 0 0 0 0 0 1463 15178 2 0 2 0 7 21 0 6 1 36 30 0 0 0 0 0 0 0 0 1 161 0 0 0 0 0 0 11 0 0 0 0 0 0 0 0 0 0 0 0 0 4 0 0 0 0 0 0 0 0 0 0 0 0 0 0 0 0 0 0 0 0 0 0 0 0 0 0 0 0 0 0 0 0 0 0 0 0 0 0 0 0 0 0 0 0 0 0 0 0 0 0 0 0 0 0 0 0 0 0 0 0 0 0 0 0 0 0 0 0 0 0 0 0 0 0 0 0 148 0 0 0 0 6 0 2 2 0 2 0 2 0 0 0 0 49 0 0 0 0 0 0 0 0 0 0 0 0 0 0 0 0 0 0 0 1 0 1 0 1 0 1 0 0 6 0 0 148 0 0 0 0 0 0 0 0 0 2 0 0 0 0 0 0 0 0 0 0 0 0 0 0 0 0 0 14 0 0 0 0 0 0 0 0 1 0 0 0 0 0 0 0 0 0 0 0 0 0 5691 6 4 0 0 0 0 0 0 0 0 0 0 0 1963 0 0
ctxt 208909
btime 17523
processes 2072
procs_running 4
procs_blocked 1
softirq 41005 0 20014 0 1 0 0 682 4807 0 15501

2426
cpu  3597 76 3349 2165 135 225 42 0 0 0
cpu0 724 13 1002 418 76 154 10 0 0 0
cpu1 930 37 831 538 25 23 10 0 0 0
cpu2 1028 11 715 597 18 23 10 0 0 0
cpu3 914 13 800 610 14 23 10 0 0 0
intr 94884 0 0 0 0 23712 0 0 0 11 11 0 0 0 0 0 0 0 0 0 0 0 0 0 1481 16126 2 0 2 0 7 21 0 6 1 36 30 0 0 0 0 0 0 0 0 1 171 0 0 0 0 0 0 11 0 0 0 0 0 0 0 0 0 0 0 0 0 4 0 0 0 0 0 0 0 0 0 0 0 0 0 0 0 0 0 0 0 0 0 0 0 0 0 0 0 0 0 0 0 0 0 0 0 0 0 0 0 0 0 0 0 0 0 0 0 0 0 0 0 0 0 0 0 0 0 0 0 0 0 0 0 0 0 0 0 0 0 0 0 0 0 0 0 0 148 0 0 0 0 6 0 2 2 0 2 0 2 0 0 0 0 49 0 0 0 0 0 0 0 0 0 0 0 0 0 0 0 0 0 0 0 1 0 1 0 1 0 1 0 0 6 0 0 148 0 0 0 0 0 0 0 0 0 2 0 0 0 0 0 0 0 0 0 0 0 0 0 0 0 0 0 14 0 0 0 0 0 0 0 0 1 0 0 0 0 0 0 0 0 0 0 0 0 0 5691 6 4 0 0 0 0 0 0 0 0 0 0 0 2006 0 0
ctxt 215167
btime 17523
processes 2085
procs_running 7
procs_blocked 0
softirq 41626 0 20240 0 1 0 0 696 4971 0 15718

2452
cpu  3615 77 3408 2183 138 228 43 0 0 0
cpu0 732 13 1015 418 78 157 10 0 0 0
cpu1 933 38 846 544 25 24 11 0 0 0
cpu2 1031 11 730 605 18 23 10 0 0 0
cpu3 917 13 816 615 15 23 11 0 0 0
intr 97884 0 0 0 0 24006 0 0 0 11 11 0 0 0 0 0 0 0 0 0 0 0 0 0 1516 16444 2 0 2 0 7 21 0 6 1 36 30 0 0 0 0 0 0 0 0 1 186 0 0 0 0 0 0 11 0 0 0 0 0 0 0 0 0 0 0 0 0 4 0 0 0 0 0 0 0 0 0 0 0 0 0 0 0 0 0 0 0 0 0 0 0 0 0 0 0 0 0 0 0 0 0 0 0 0 0 0 0 0 0 0 0 0 0 0 0 0 0 0 0 0 0 0 0 0 0 0 0 0 0 0 0 0 0 0 0 0 0 0 0 0 0 0 0 0 148 0 0 0 0 6 0 2 2 0 2 0 2 0 0 0 0 49 0 0 0 0 0 0 0 0 0 0 0 0 0 0 0 0 0 0 0 1 0 1 0 1 0 1 0 0 6 0 0 148 0 0 0 0 0 0 0 0 0 2 0 0 0 0 0 0 0 0 0 0 0 0 0 0 0 0 0 14 0 0 0 0 0 0 0 0 1 0 0 0 0 0 0 0 0 0 0 0 0 0 5694 6 4 0 0 0 0 0 0 0 0 0 0 0 2177 0 0
ctxt 225746
btime 17523
processes 2151
procs_running 6
procs_blocked 0
softirq 42216 0 20465 0 1 0 0 702 5137 0 15911

2481
cpu  3644 86 3468 2190 139 233 44 0 0 0
cpu0 738 14 1032 419 79 160 10 0 0 0
cpu1 940 44 856 547 26 24 11 0 0 0
cpu2 1039 13 747 606 18 24 10 0 0 0
cpu3 926 14 832 617 15 23 11 0 0 0
intr 99372 0 0 0 0 24440 0 0 0 11 11 0 0 0 0 0 0 0 0 0 0 0 0 0 1537 16835 2 0 2 0 7 21 0 6 1 36 30 0 0 0 0 0 0 0 0 1 186 0 0 0 0 0 0 11 0 0 0 0 0 0 0 0 0 0 0 0 0 4 0 0 0 0 0 0 0 0 0 0 0 0 0 0 0 0 0 0 0 0 0 0 0 0 0 0 0 0 0 0 0 0 0 0 0 0 0 0 0 0 0 0 0 0 0 0 0 0 0 0 0 0 0 0 0 0 0 0 0 0 0 0 0 0 0 0 0 0 0 0 0 0 0 0 0 0 148 7 0 0 0 6 0 2 2 0 2 0 2 0 0 0 0 49 0 0 0 0 0 0 0 0 0 0 0 0 0 0 0 0 0 0 0 1 0 1 0 1 0 1 0 0 6 0 0 148 0 0 0 0 0 0 0 0 0 2 0 0 0 0 0 0 0 0 0 0 0 0 0 0 0 0 0 14 0 0 0 0 0 0 0 0 1 0 0 0 0 0 0 0 0 0 0 0 0 0 5697 6 4 0 0 0 0 0 0 0 0 0 0 0 2259 0 0
ctxt 229757
btime 17523
processes 2198
procs_running 8
procs_blocked 0
softirq 42853 0 20729 0 1 0 0 712 5250 0 16161

2506
cpu  3676 98 3510 2199 140 236 44 0 0 0
cpu0 750 14 1041 420 80 162 10 0 0 0
cpu1 943 51 868 548 26 25 11 0 0 0
cpu2 1047 15 757 609 19 24 10 0 0 0
cpu3 934 16 843 620 15 24 11 0 0 0
intr 100187 0 0 0 0 24689 0 0 0 11 11 0 0 0 0 0 0 0 0 0 0 0 0 0 1537 17042 2 0 2 0 7 21 0 6 1 36 30 0 0 0 0 0 0 0 0 1 186 0 0 0 0 0 0 11 0 0 0 0 0 0 0 0 0 0 0 0 0 4 0 0 0 0 0 0 0 0 0 0 0 0 0 0 0 0 0 0 0 0 0 0 0 0 0 0 0 0 0 0 0 0 0 0 0 0 0 0 0 0 0 0 0 0 0 0 0 0 0 0 0 0 0 0 0 0 0 0 0 0 0 0 0 0 0 0 0 0 0 0 0 0 0 0 0 0 148 17 0 0 0 6 0 2 2 0 2 0 2 0 0 0 0 52 0 0 0 0 0 0 0 0 0 0 0 0 0 0 0 0 0 0 0 1 0 1 0 1 0 1 0 0 6 0 0 148 0 0 0 0 0 0 0 0 0 2 0 0 0 0 0 0 0 0 0 0 0 0 0 0 0 0 0 14 0 0 0 0 0 0 0 0 1 0 0 0 0 0 0 0 0 0 0 0 0 0 5697 6 4 0 0 0 0 0 0 0 0 0 0 0 2259 0 0
ctxt 232258
btime 17523
processes 2239
procs_running 8
procs_blocked 0
softirq 43450 0 20965 0 1 0 0 720 5393 0 16371

2531
cpu  3728 99 3539 2209 142 238 45 0 0 0
cpu0 762 14 1047 422 81 164 11 0 0 0
cpu1 961 52 873 549 26 25 11 0 0 0
cpu2 1060 15 765 613 19 24 11 0 0 0
cpu3 944 16 853 624 15 24 11 0 0 0
intr 100936 0 0 0 0 24928 0 0 0 11 11 0 0 0 0 0 0 0 0 0 0 0 0 0 1537 17192 2 0 2 0 7 21 0 6 1 36 30 0 0 0 0 0 0 0 0 1 186 0 0 0 0 0 0 11 0 0 0 0 0 0 0 0 0 0 0 0 0 4 0 0 0 0 0 0 0 0 0 0 0 0 0 0 0 0 0 0 0 0 0 0 0 0 0 0 0 0 0 0 0 0 0 0 0 0 0 0 0 0 0 0 0 0 0 0 0 0 0 0 0 0 0 0 0 0 0 0 0 0 0 0 0 0 0 0 0 0 0 0 0 0 0 0 0 0 148 21 0 0 0 6 0 2 2 0 2 0 2 0 0 0 0 52 0 0 0 0 0 0 0 0 0 0 0 0 0 0 0 0 0 0 0 1 0 1 0 1 0 1 0 0 6 0 0 148 0 0 0 0 0 0 0 0 0 2 0 0 0 0 0 0 0 0 0 0 0 0 0 0 0 0 0 14 0 0 0 0 0 0 0 0 1 0 0 0 0 0 0 0 0 0 0 0 0 0 5697 6 4 0 0 0 0 0 0 0 0 0 0 0 2261 0 0
ctxt 234259
btime 1748862737
processes 2273
procs_running 7
procs_blocked 1
softirq 44008 0 21194 0 1 0 0 724 5514 0 16575

2557
cpu  3772 100 3574 2221 145 241 46 0 0 0
cpu0 772 14 1058 423 83 166 11 0 0 0
cpu1 973 53 879 552 27 25 11 0 0 0
cpu2 1071 16 773 616 19 25 11 0 0 0
cpu3 955 16 862 628 15 24 11 0 0 0
intr 101941 0 0 0 0 25182 0 0 0 11 11 0 0 0 0 0 0 0 0 0 0 0 0 0 1537 17334 2 0 2 0 7 21 0 6 1 36 30 0 0 0 0 0 0 0 0 1 186 0 0 0 0 0 0 11 0 0 0 0 0 0 0 0 0 0 0 0 0 4 0 0 0 0 0 0 0 0 0 0 0 0 0 0 0 0 0 0 0 0 0 0 0 0 0 0 0 0 0 0 0 0 0 0 0 0 0 0 0 0 0 0 0 0 0 0 0 0 0 0 0 0 0 0 0 0 0 0 0 0 0 0 0 0 0 0 0 0 0 0 0 0 0 0 0 0 148 21 0 0 0 6 0 2 2 0 2 0 2 0 0 0 0 52 0 0 0 0 0 0 0 0 0 0 0 0 0 0 0 0 0 0 0 1 0 1 0 1 0 1 0 0 6 0 0 148 0 0 0 0 0 0 0 0 0 2 0 0 0 0 0 0 0 0 0 0 0 0 0 0 0 0 0 14 0 0 0 0 0 0 0 0 1 0 0 0 0 0 0 0 0 0 0 0 0 0 5697 6 4 0 0 0 0 0 0 0 0 0 0 0 2261 0 0
ctxt 236324
btime 1748862737
processes 2288
procs_running 10
procs_blocked 0
softirq 44562 0 21423 0 1 0 0 724 5651 0 16763

2583
cpu  3823 101 3605 2234 147 243 46 0 0 0
cpu0 787 14 1063 425 84 167 11 0 0 0
cpu1 987 53 890 554 27 25 11 0 0 0
cpu2 1083 16 780 622 19 25 11 0 0 0
cpu3 965 16 870 632 16 24 11 0 0 0
intr 102732 0 0 0 0 25427 0 0 0 11 11 0 0 0 0 0 0 0 0 0 0 0 0 0 1537 17439 2 0 2 0 7 21 0 6 1 36 30 0 0 0 0 0 0 0 0 1 186 0 0 0 0 0 0 11 0 0 0 0 0 0 0 0 0 0 0 0 0 4 0 0 0 0 0 0 0 0 0 0 0 0 0 0 0 0 0 0 0 0 0 0 0 0 0 0 0 0 0 0 0 0 0 0 0 0 0 0 0 0 0 0 0 0 0 0 0 0 0 0 0 0 0 0 0 0 0 0 0 0 0 0 0 0 0 0 0 0 0 0 0 0 0 0 0 0 148 21 0 0 0 6 0 2 2 0 2 0 2 0 0 0 0 52 0 0 0 0 0 0 0 0 0 0 0 0 0 0 0 0 0 0 0 1 0 1 0 1 0 1 0 0 6 0 0 148 0 0 0 0 0 0 0 0 0 2 0 0 0 0 0 0 0 0 0 0 0 0 0 0 0 0 0 14 0 0 0 0 0 0 0 0 1 0 0 0 0 0 0 0 0 0 0 0 0 0 5698 6 4 0 0 0 0 0 0 0 0 0 0 0 2280 0 0
ctxt 238569
btime 1748862737
processes 2312
procs_running 5
procs_blocked 0
softirq 45084 0 21653 0 1 0 0 732 5743 0 16955

2607
cpu  3860 107 3622 2268 147 245 47 0 0 0
cpu0 795 14 1068 436 84 168 11 0 0 0
cpu1 990 56 897 564 27 26 12 0 0 0
cpu2 1104 16 783 623 19 25 11 0 0 0
cpu3 970 20 873 644 16 25 12 0 0 0
intr 103191 0 0 0 0 25647 0 0 0 11 11 0 0 0 0 0 0 0 0 0 0 0 0 0 1558 17469 2 0 2 0 7 21 0 6 1 36 30 0 0 0 0 0 0 0 0 1 186 0 0 0 0 0 0 11 0 0 0 0 0 0 0 0 0 0 0 0 0 4 0 0 0 0 0 0 0 0 0 0 0 0 0 0 0 0 0 0 0 0 0 0 0 0 0 0 0 0 0 0 0 0 0 0 0 0 0 0 0 0 0 0 0 0 0 0 0 0 0 0 0 0 0 0 0 0 0 0 0 0 0 0 0 0 0 0 0 0 0 0 0 0 0 0 0 0 148 21 0 0 0 6 0 2 2 0 2 0 2 0 0 0 0 52 0 0 0 0 0 0 0 0 0 0 0 0 0 0 0 0 0 0 0 1 0 1 0 1 0 1 0 0 6 0 0 148 0 0 0 0 0 0 0 0 0 2 0 0 0 0 0 0 0 0 0 0 0 0 0 0 0 0 0 14 0 0 0 0 0 0 0 0 1 0 0 0 0 0 0 0 0 0 0 0 0 0 5698 6 4 0 0 0 0 0 0 0 0 0 0 0 2280 0 0
ctxt 239200
btime 1748862737
processes 2314
procs_running 3
procs_blocked 0
softirq 45555 0 21858 0 1 0 0 740 5826 0 17130

2632
cpu  3884 107 3648 2300 160 247 48 0 0 0
cpu0 797 14 1076 441 91 169 11 0 0 0
cpu1 997 56 906 571 29 26 12 0 0 0
cpu2 1114 16 788 629 22 25 11 0 0 0
cpu3 975 20 876 657 18 25 12 0 0 0
intr 104156 0 0 0 0 25828 0 0 0 11 11 0 0 0 0 0 0 0 0 0 0 0 0 0 1608 17590 2 0 2 0 7 21 0 6 1 36 30 0 0 0 0 0 0 0 0 1 186 0 0 0 0 0 0 11 0 0 0 0 0 0 0 0 0 0 0 0 0 4 0 0 0 0 0 0 0 0 0 0 0 0 0 0 0 0 0 0 0 0 0 0 0 0 0 0 0 0 0 0 0 0 0 0 0 0 0 0 0 0 0 0 0 0 0 0 0 0 0 0 0 0 0 0 0 0 0 0 0 0 0 0 0 0 0 0 0 0 0 0 0 0 0 0 0 0 148 21 0 0 0 6 0 2 2 0 2 0 2 0 0 0 0 52 0 0 0 0 0 0 0 0 0 0 0 0 0 0 0 0 0 0 0 1 0 1 0 1 0 1 0 0 6 0 0 148 0 0 0 0 0 0 0 0 0 2 0 0 0 0 0 0 0 0 0 0 0 0 0 0 0 0 0 14 0 0 0 0 0 0 0 0 1 0 0 0 0 0 0 0 0 0 0 0 0 0 5700 6 4 0 0 0 0 0 0 0 0 0 0 0 2312 0 0
ctxt 241438
btime 1748862737
processes 2326
procs_running 5
procs_blocked 0
softirq 45990 0 22027 0 1 0 0 762 5927 0 17273

2657
cpu  3926 108 3669 2332 161 248 48 0 0 0
cpu0 816 14 1079 442 92 170 11 0 0 0
cpu1 1002 56 916 581 29 26 12 0 0 0
cpu2 1123 16 793 638 22 26 11 0 0 0
cpu3 984 20 880 669 18 25 12 0 0 0
intr 104729 0 0 0 0 26046 0 0 0 11 11 0 0 0 0 0 0 0 0 0 0 0 0 0 1649 17631 2 0 2 0 7 21 0 6 1 36 30 0 0 0 0 0 0 0 0 1 186 0 0 0 0 0 0 11 0 0 0 0 0 0 0 0 0 0 0 0 0 4 0 0 0 0 0 0 0 0 0 0 0 0 0 0 0 0 0 0 0 0 0 0 0 0 0 0 0 0 0 0 0 0 0 0 0 0 0 0 0 0 0 0 0 0 0 0 0 0 0 0 0 0 0 0 0 0 0 0 0 0 0 0 0 0 0 0 0 0 0 0 0 0 0 0 0 0 148 21 0 0 0 6 0 2 2 0 2 0 2 0 0 0 0 52 0 0 0 0 0 0 0 0 0 0 0 0 0 0 0 0 0 0 0 1 0 1 0 1 0 1 0 0 6 0 0 148 0 0 0 0 0 0 0 0 0 2 0 0 0 0 0 0 0 0 0 0 0 0 0 0 0 0 0 14 0 0 0 0 0 0 0 0 1 0 0 0 0 0 0 0 0 0 0 0 0 0 5700 6 4 0 0 0 0 0 0 0 0 0 0 0 2312 0 0
ctxt 242318
btime 1748862737
processes 2339
procs_running 4
procs_blocked 0
softirq 46472 0 22232 0 1 0 0 770 6034 0 17435

2681
cpu  3949 120 3689 2370 162 249 49 0 0 0
cpu0 824 14 1085 452 93 170 11 0 0 0
cpu1 1006 63 920 589 29 26 12 0 0 0
cpu2 1128 20 796 648 22 26 12 0 0 0
cpu3 990 21 887 679 18 25 12 0 0 0
intr 105400 0 0 0 0 26297 0 0 0 11 11 0 0 0 0 0 0 0 0 0 0 0 0 0 1672 17645 2 0 2 0 7 21 0 6 1 36 30 0 0 0 0 0 0 0 0 1 186 0 0 0 0 0 0 11 0 0 0 0 0 0 0 0 0 0 0 0 0 4 0 0 0 0 0 0 0 0 0 0 0 0 0 0 0 0 0 0 0 0 0 0 0 0 0 0 0 0 0 0 0 0 0 0 0 0 0 0 0 0 0 0 0 0 0 0 0 0 0 0 0 0 0 0 0 0 0 0 0 0 0 0 0 0 0 0 0 0 0 0 0 0 0 0 0 0 148 21 0 0 0 6 0 2 2 0 2 0 2 0 0 0 0 52 0 0 0 0 0 0 0 0 0 0 0 0 0 0 0 0 0 0 0 1 0 1 0 1 0 1 0 0 6 0 0 148 0 0 0 0 0 0 0 0 0 2 0 0 0 0 0 0 0 0 0 0 0 0 0 0 0 0 0 14 0 0 0 0 0 0 0 0 1 0 0 0 0 0 0 0 0 0 0 0 0 0 5700 6 4 0 0 0 0 0 0 0 0 0 0 0 2312 0 0
ctxt 243887
btime 1748862737
processes 2359
procs_running 11
procs_blocked 0
softirq 46937 0 22417 0 1 0 0 772 6155 0 17592

2706
cpu  3986 121 3716 2404 162 251 49 0 0 0
cpu0 833 14 1093 459 93 171 12 0 0 0
cpu1 1015 64 923 599 29 27 12 0 0 0
cpu2 1137 20 805 657 22 26 12 0 0 0
cpu3 999 21 894 688 18 26 12 0 0 0
intr 106384 0 0 0 0 26603 0 0 0 11 11 0 0 0 0 0 0 0 0 0 0 0 0 0 1690 17665 2 0 2 0 7 21 0 6 1 36 30 0 0 0 0 0 0 0 0 1 186 0 0 0 0 0 0 11 0 0 0 0 0 0 0 0 0 0 0 0 0 4 0 0 0 0 0 0 0 0 0 0 0 0 0 0 0 0 0 0 0 0 0 0 0 0 0 0 0 0 0 0 0 0 0 0 0 0 0 0 0 0 0 0 0 0 0 0 0 0 0 0 0 0 0 0 0 0 0 0 0 0 0 0 0 0 0 0 0 0 0 0 0 0 0 0 0 0 148 21 0 0 0 6 0 2 2 0 2 0 2 0 0 0 0 52 0 0 0 0 0 0 0 0 0 0 0 0 0 0 0 0 0 0 0 1 0 1 0 1 0 1 0 0 6 0 0 148 0 0 0 0 0 0 0 0 0 2 0 0 0 0 0 0 0 0 0 0 0 0 0 0 0 0 0 14 0 0 0 0 0 0 0 0 1 0 0 0 0 0 0 0 0 0 0 0 0 0 5700 6 4 0 0 0 0 0 0 0 0 0 0 0 2312 0 0
ctxt 247150
btime 1748862737
processes 2380
procs_running 6
procs_blocked 0
softirq 47464 0 22611 0 1 0 0 774 6307 0 17771

2731
cpu  4020 121 3744 2439 163 252 50 0 0 0
cpu0 845 15 1097 467 93 171 12 0 0 0
cpu1 1021 64 933 607 29 27 12 0 0 0
cpu2 1146 21 811 667 22 27 12 0 0 0
cpu3 1007 21 901 696 18 26 12 0 0 0
intr 107409 0 0 0 0 26903 0 0 0 11 11 0 0 0 0 0 0 0 0 0 0 0 0 0 1690 17676 2 0 2 0 7 21 0 6 1 36 30 0 0 0 0 0 0 0 0 1 186 0 0 0 0 0 0 11 0 0 0 0 0 0 0 0 0 0 0 0 0 4 0 0 0 0 0 0 0 0 0 0 0 0 0 0 0 0 0 0 0 0 0 0 0 0 0 0 0 0 0 0 0 0 0 0 0 0 0 0 0 0 0 0 0 0 0 0 0 0 0 0 0 0 0 0 0 0 0 0 0 0 0 0 0 0 0 0 0 0 0 0 0 0 0 0 0 0 148 21 0 0 0 6 0 2 2 0 2 0 2 0 0 0 0 52 0 0 0 0 0 0 0 0 0 0 0 0 0 0 0 0 0 0 0 1 0 1 0 1 0 1 0 0 6 0 0 148 0 0 0 0 0 0 0 0 0 2 0 0 0 0 0 0 0 0 0 0 0 0 0 0 0 0 0 14 0 0 0 0 0 0 0 0 1 0 0 0 0 0 0 0 0 0 0 0 0 0 5702 6 4 0 0 0 0 0 0 0 0 0 0 0 2312 0 0
ctxt 250796
btime 1748862737
processes 2390
procs_running 4
procs_blocked 0
softirq 47938 0 22800 0 1 0 0 774 6435 0 17928

2755
cpu  4043 129 3759 2486 163 254 50 0 0 0
cpu0 852 16 1101 479 93 172 12 0 0 0
cpu1 1023 69 940 617 29 27 12 0 0 0
cpu2 1153 21 814 679 22 27 12 0 0 0
cpu3 1013 22 902 710 18 26 13 0 0 0
intr 108296 0 0 0 0 27184 0 0 0 11 11 0 0 0 0 0 0 0 0 0 0 0 0 0 1690 17726 2 0 2 0 7 21 0 6 1 36 30 0 0 0 0 0 0 0 0 1 186 0 0 0 0 0 0 11 0 0 0 0 0 0 0 0 0 0 0 0 0 4 0 0 0 0 0 0 0 0 0 0 0 0 0 0 0 0 0 0 0 0 0 0 0 0 0 0 0 0 0 0 0 0 0 0 0 0 0 0 0 0 0 0 0 0 0 0 0 0 0 0 0 0 0 0 0 0 0 0 0 0 0 0 0 0 0 0 0 0 0 0 0 0 0 0 0 0 148 21 0 0 0 6 0 2 2 0 2 0 2 0 0 0 0 52 0 0 0 0 0 0 0 0 0 0 0 0 0 0 0 0 0 0 0 1 0 1 0 1 0 1 0 0 6 0 0 148 0 0 0 0 0 0 0 0 0 2 0 0 0 0 0 0 0 0 0 0 0 0 0 0 0 0 0 14 0 0 0 0 0 0 0 0 1 0 0 0 0 0 0 0 0 0 0 0 0 0 5702 6 4 0 0 0 0 0 0 0 0 0 0 0 2312 0 0
ctxt 252497
btime 1748862737
processes 2404
procs_running 3
procs_blocked 0
softirq 48378 0 22966 0 1 0 0 782 6561 0 18068

2780
cpu  4070 130 3793 2514 167 256 51 0 0 0
cpu0 861 16 1109 482 96 173 12 0 0 0
cpu1 1028 69 952 624 29 28 13 0 0 0
cpu2 1161 23 820 687 22 27 12 0 0 0
cpu3 1019 22 911 720 18 27 13 0 0 0
intr 109248 0 0 0 0 27482 0 0 0 11 11 0 0 0 0 0 0 0 0 0 0 0 0 0 1690 17798 2 0 2 0 7 21 0 6 1 36 30 0 0 0 0 0 0 0 0 1 186 0 0 0 0 0 0 11 0 0 0 0 0 0 0 0 0 0 0 0 0 4 0 0 0 0 0 0 0 0 0 0 0 0 0 0 0 0 0 0 0 0 0 0 0 0 0 0 0 0 0 0 0 0 0 0 0 0 0 0 0 0 0 0 0 0 0 0 0 0 0 0 0 0 0 0 0 0 0 0 0 0 0 0 0 0 0 0 0 0 0 0 0 0 0 0 0 0 148 21 0 0 0 6 0 2 2 0 2 0 2 0 0 0 0 52 0 0 0 0 0 0 0 0 0 0 0 0 0 0 0 0 0 0 0 1 0 1 0 1 0 1 0 0 6 0 0 148 0 0 0 0 0 0 0 0 0 2 0 0 0 0 0 0 0 0 0 0 0 0 0 0 0 0 0 14 0 0 0 0 0 0 0 0 1 0 0 0 0 0 0 0 0 0 0 0 0 0 5702 6 4 0 0 0 0 0 0 0 0 0 0 0 2312 0 0
ctxt 255170
btime 1748862737
processes 2435
procs_running 9
procs_blocked 0
softirq 48856 0 23150 0 1 0 0 790 6687 0 18228

2808
cpu  4123 134 3845 2515 168 259 51 0 0 0
cpu0 874 16 1122 482 97 175 12 0 0 0
cpu1 1040 73 964 624 29 28 13 0 0 0
cpu2 1173 23 835 687 22 28 12 0 0 0
cpu3 1035 22 922 720 18 27 13 0 0 0
intr 110765 0 0 0 0 27904 0 0 0 11 11 0 0 0 0 0 0 0 0 0 0 0 0 0 1722 17940 2 0 2 0 7 21 0 6 1 36 30 0 0 0 0 0 0 0 0 1 186 0 0 0 0 0 0 11 0 0 0 0 0 0 0 0 0 0 0 0 0 4 0 0 0 0 0 0 0 0 0 0 0 0 0 0 0 0 0 0 0 0 0 0 0 0 0 0 0 0 0 0 0 0 0 0 0 0 0 0 0 0 0 0 0 0 0 0 0 0 0 0 0 0 0 0 0 0 0 0 0 0 0 0 0 0 0 0 0 0 0 0 0 0 0 0 0 0 148 21 0 0 0 6 0 2 2 0 2 0 2 0 0 0 0 52 0 0 0 0 0 0 0 0 0 0 0 0 0 0 0 0 0 0 0 1 0 1 0 1 0 1 0 0 6 0 0 148 0 0 0 0 0 0 0 0 0 2 0 0 0 0 0 0 0 0 0 0 0 0 0 0 0 0 0 14 0 0 0 0 0 0 0 0 1 0 0 0 0 0 0 0 0 0 0 0 0 0 5702 6 4 0 0 0 0 0 0 0 0 0 0 0 2355 0 0
ctxt 260460
btime 1748862737
processes 2482
procs_running 26
procs_blocked 0
softirq 49394 0 23420 1 1 0 0 806 6740 0 18426

2838
cpu  4158 150 3904 2518 169 263 52 0 0 0
cpu0 882 16 1140 482 97 177 12 0 0 0
cpu1 1050 74 981 626 29 29 13 0 0 0
cpu2 1185 23 850 688 22 28 12 0 0 0
cpu3 1040 36 931 721 18 28 13 0 0 0
intr 112290 0 0 0 0 28331 0 0 0 11 11 0 0 0 0 0 0 0 0 0 0 0 0 0 1722 18124 2 0 2 0 7 21 0 6 1 36 30 0 0 0 0 0 0 0 0 1 186 0 0 0 0 0 0 11 0 0 0 0 0 0 0 0 0 0 0 0 0 4 0 0 0 0 0 0 0 0 0 0 0 0 0 0 0 0 0 0 0 0 0 0 0 0 0 0 0 0 0 0 0 0 0 0 0 0 0 0 0 0 0 0 0 0 0 0 0 0 0 0 0 0 0 0 0 0 0 0 0 0 0 0 0 0 0 0 0 0 0 0 0 0 0 0 0 0 148 21 0 0 0 6 0 2 2 0 2 0 2 0 0 0 0 52 0 0 0 0 0 0 0 0 0 0 0 0 0 0 0 0 0 0 0 1 0 1 0 1 0 1 0 0 6 0 0 148 0 0 0 0 0 0 0 0 0 2 0 0 0 0 0 0 0 0 0 0 0 0 0 0 0 0 0 14 0 0 0 0 0 0 0 0 1 0 0 0 0 0 0 0 0 0 0 0 0 0 5705 6 4 0 0 0 0 0 0 0 0 0 0 0 2390 0 0
ctxt 265751
btime 1748862737
processes 2513
procs_running 8
procs_blocked 0
softirq 49952 0 23706 1 1 0 0 822 6802 0 18620

2866
cpu  4201 156 3953 2524 170 265 53 0 0 0
cpu0 892 18 1152 483 98 178 12 0 0 0
cpu1 1066 75 990 627 30 29 13 0 0 0
cpu2 1193 23 866 690 23 29 13 0 0 0
cpu3 1049 38 943 723 18 28 13 0 0 0
intr 113382 0 0 0 0 28728 0 0 0 11 11 0 0 0 0 0 0 0 0 0 0 0 0 0 1795 18191 2 0 2 0 7 21 0 6 1 36 30 0 0 0 0 0 0 0 0 1 186 0 0 0 0 0 0 11 0 0 0 0 0 0 0 0 0 0 0 0 0 4 0 0 0 0 0 0 0 0 0 0 0 0 0 0 0 0 0 0 0 0 0 0 0 0 0 0 0 0 0 0 0 0 0 0 0 0 0 0 0 0 0 0 0 0 0 0 0 0 0 0 0 0 0 0 0 0 0 0 0 0 0 0 0 0 0 0 0 0 0 0 0 0 0 0 0 0 148 21 0 0 0 6 0 2 2 0 2 0 2 0 0 0 0 52 0 0 0 0 0 0 0 0 0 0 0 0 0 0 0 0 0 0 0 1 0 1 0 1 0 1 0 0 6 0 0 148 0 0 0 0 0 0 0 0 0 2 0 0 0 0 0 0 0 0 0 0 0 0 0 0 0 0 0 14 0 0 0 0 0 0 0 0 1 0 0 0 0 0 0 0 0 0 0 0 0 0 5705 6 4 0 0 0 0 0 0 0 0 0 0 0 2398 0 0
ctxt 268667
btime 1748862737
processes 2565
procs_running 6
procs_blocked 0
softirq 50487 0 23960 1 1 0 0 842 6871 0 18812

2891
cpu  4232 156 3979 2565 171 267 53 0 0 0
cpu0 907 18 1157 485 99 178 13 0 0 0
cpu1 1072 75 997 639 30 29 13 0 0 0
cpu2 1197 23 873 703 23 29 13 0 0 0
cpu3 1054 38 949 737 18 29 13 0 0 0
intr 114143 0 0 0 0 29029 0 0 0 11 11 0 0 0 0 0 0 0 0 0 0 0 0 0 1816 18245 2 0 2 0 7 21 0 6 1 36 30 0 0 0 0 0 0 0 0 1 186 0 0 0 0 0 0 11 0 0 0 0 0 0 0 0 0 0 0 0 0 4 0 0 0 0 0 0 0 0 0 0 0 0 0 0 0 0 0 0 0 0 0 0 0 0 0 0 0 0 0 0 0 0 0 0 0 0 0 0 0 0 0 0 0 0 0 0 0 0 0 0 0 0 0 0 0 0 0 0 0 0 0 0 0 0 0 0 0 0 0 0 0 0 0 0 0 0 148 21 0 0 0 6 0 2 2 0 2 0 2 0 0 0 0 52 0 0 0 0 0 0 0 0 0 0 0 0 0 0 0 0 0 0 0 1 0 1 0 1 0 1 0 0 6 0 0 148 0 0 0 0 0 0 0 0 0 2 0 0 0 0 0 0 0 0 0 0 0 0 0 0 0 0 0 14 0 0 0 0 0 0 0 0 1 0 0 0 0 0 0 0 0 0 0 0 0 0 5705 6 4 0 0 0 0 0 0 0 0 0 0 0 2398 0 0
ctxt 270182
btime 1748862737
processes 2588
procs_running 11
procs_blocked 0
softirq 50901 0 24134 1 1 0 0 850 6975 0 18940

2921
cpu  4283 160 4037 2566 171 271 54 0 0 0
cpu0 921 18 1171 485 99 180 13 0 0 0
cpu1 1086 78 1009 639 30 30 13 0 0 0
cpu2 1208 23 890 703 23 30 13 0 0 0
cpu3 1066 38 965 737 18 29 13 0 0 0
intr 115103 0 0 0 0 29462 0 0 0 11 11 0 0 0 0 0 0 0 0 0 0 0 0 0 1848 18387 2 0 2 0 7 21 0 6 1 36 30 0 0 0 0 0 0 0 0 1 186 0 0 0 0 0 0 11 0 0 0 0 0 0 0 0 0 0 0 0 0 4 0 0 0 0 0 0 0 0 0 0 0 0 0 0 0 0 0 0 0 0 0 0 0 0 0 0 0 0 0 0 0 0 0 0 0 0 0 0 0 0 0 0 0 0 0 0 0 0 0 0 0 0 0 0 0 0 0 0 0 0 0 0 0 0 0 0 0 0 0 0 0 0 0 0 0 0 148 21 0 0 0 6 0 2 2 0 2 0 2 0 0 0 0 52 0 0 0 0 0 0 0 0 0 0 0 0 0 0 0 0 0 0 0 1 0 1 0 1 0 1 0 0 6 0 0 148 0 0 0 0 0 0 0 0 0 2 0 0 0 0 0 0 0 0 0 0 0 0 0 0 0 0 0 14 0 0 0 0 0 0 0 0 1 0 0 0 0 0 0 0 0 0 0 0 0 0 5706 6 4 0 0 0 0 0 0 0 0 0 0 0 2399 0 0
ctxt 272813
btime 1748862737
processes 2677
procs_running 15
procs_blocked 1
softirq 51402 0 24423 1 1 0 0 872 6995 0 19110

2949
cpu  4339 161 4086 2567 172 274 54 0 0 0
cpu0 933 18 1185 485 99 182 13 0 0 0
cpu1 1101 78 1020 639 30 30 14 0 0 0
cpu2 1226 24 899 704 23 31 13 0 0 0
cpu3 1078 39 980 737 18 30 13 0 0 0
intr 115969 0 0 0 0 29861 0 0 0 11 11 0 0 0 0 0 0 0 0 0 0 0 0 0 1848 18495 2 0 2 0 7 21 0 6 1 36 30 0 0 0 0 0 0 0 0 1 186 0 0 0 0 0 0 11 0 0 0 0 0 0 0 0 0 0 0 0 0 4 0 0 0 0 0 0 0 0 0 0 0 0 0 0 0 0 0 0 0 0 0 0 0 0 0 0 0 0 0 0 0 0 0 0 0 0 0 0 0 0 0 0 0 0 0 0 0 0 0 0 0 0 0 0 0 0 0 0 0 0 0 0 0 0 0 0 0 0 0 0 0 0 0 0 0 0 148 21 0 0 0 6 0 2 2 0 2 0 2 0 0 0 0 52 0 0 0 0 0 0 0 0 0 0 0 0 0 0 0 0 0 0 0 1 0 1 0 1 0 1 0 0 6 0 0 148 0 0 0 0 0 0 0 0 0 2 0 0 0 0 0 0 0 0 0 0 0 0 0 0 0 0 0 14 0 0 0 0 0 0 0 0 1 0 0 0 0 0 0 0 0 0 0 0 0 0 5706 6 4 0 0 0 0 0 0 0 0 0 0 0 2399 0 0
ctxt 275474
btime 1748862737
processes 2703
procs_running 8
procs_blocked 0
softirq 51883 0 24689 1 1 0 0 872 7043 0 19277

2977
cpu  4415 165 4114 2568 172 276 55 0 0 0
cpu0 950 19 1194 486 99 183 13 0 0 0
cpu1 1118 81 1028 639 30 31 14 0 0 0
cpu2 1247 24 903 704 23 31 13 0 0 0
cpu3 1098 40 987 737 18 30 14 0 0 0
intr 116808 0 0 0 0 30234 0 0 0 11 11 0 0 0 0 0 0 0 0 0 0 0 0 0 1869 18521 2 0 2 0 7 21 0 6 1 36 30 0 0 0 0 0 0 0 0 1 186 0 0 0 0 0 0 11 0 0 0 0 0 0 0 0 0 0 0 0 0 4 0 0 0 0 0 0 0 0 0 0 0 0 0 0 0 0 0 0 0 0 0 0 0 0 0 0 0 0 0 0 0 0 0 0 0 0 0 0 0 0 0 0 0 0 0 0 0 0 0 0 0 0 0 0 0 0 0 0 0 0 0 0 0 0 0 0 0 0 0 0 0 0 0 0 0 0 148 21 0 0 0 6 0 2 2 0 2 0 2 0 0 0 0 52 0 0 0 0 0 0 0 0 0 0 0 0 0 0 0 0 0 0 0 1 0 1 0 1 0 1 0 0 6 0 0 148 0 0 0 0 0 0 0 0 0 2 0 0 0 0 0 0 0 0 0 0 0 0 0 0 0 0 0 14 0 0 0 0 0 0 0 0 1 0 0 0 0 0 0 0 0 0 0 0 0 0 5706 6 4 0 0 0 0 0 0 0 0 0 0 0 2399 0 0
ctxt 278289
btime 1748862737
processes 2723
procs_running 8
procs_blocked 1
softirq 52380 0 24960 1 1 0 0 882 7069 0 19467

3008
cpu  4482 177 4149 2573 174 279 55 0 0 0
cpu0 966 21 1205 486 101 184 13 0 0 0
cpu1 1129 89 1036 642 30 31 14 0 0 0
cpu2 1268 25 912 705 23 32 13 0 0 0
cpu3 1118 40 996 739 18 30 14 0 0 0
intr 117835 0 0 0 0 30572 0 0 0 11 11 0 0 0 0 0 0 0 0 0 0 0 0 0 1911 18601 2 0 2 0 7 21 0 6 1 36 30 0 0 0 0 0 0 0 0 1 186 0 0 0 0 0 0 11 0 0 0 0 0 0 0 0 0 0 0 0 0 4 0 0 0 0 0 0 0 0 0 0 0 0 0 0 0 0 0 0 0 0 0 0 0 0 0 0 0 0 0 0 0 0 0 0 0 0 0 0 0 0 0 0 0 0 0 0 0 0 0 0 0 0 0 0 0 0 0 0 0 0 0 0 0 0 0 0 0 0 0 0 0 0 0 0 0 0 167 21 5 0 0 6 0 2 2 0 2 0 2 0 0 0 0 52 0 0 0 0 0 0 0 0 0 0 0 0 0 0 0 0 0 0 0 1 0 1 0 1 0 1 0 0 6 0 0 148 0 0 0 0 0 0 0 0 0 2 0 0 0 0 0 0 0 0 0 0 0 0 0 0 0 0 0 14 0 0 0 0 0 0 0 0 1 0 0 0 0 0 0 0 0 0 0 0 0 0 5706 6 4 0 0 0 0 0 0 0 0 0 0 0 2399 0 0
ctxt 280681
btime 1748862737
processes 2748
procs_running 3
procs_blocked 0
softirq 52992 0 25258 1 1 0 0 894 7144 0 19694

3033
cpu  4517 178 4178 2595 180 281 56 0 0 0
cpu0 971 21 1212 489 105 186 13 0 0 0
cpu1 1135 90 1045 650 31 31 14 0 0 0
cpu2 1275 25 920 712 24 32 13 0 0 0
cpu3 1134 40 1000 742 19 31 14 0 0 0
intr 118853 0 0 0 0 30796 0 0 0 11 11 0 0 0 0 0 0 0 0 0 0 0 0 0 1914 18739 2 0 2 0 7 21 0 6 1 36 30 0 0 0 0 0 0 0 0 1 186 0 0 0 0 0 0 11 0 0 0 0 0 0 0 0 0 0 0 0 0 4 0 0 0 0 0 0 0 0 0 0 0 0 0 0 0 0 0 0 0 0 0 0 0 0 0 0 0 0 0 0 0 0 0 0 0 0 0 0 0 0 0 0 0 0 0 0 0 0 0 0 0 0 0 0 0 0 0 0 0 0 0 0 0 0 0 0 0 0 0 0 0 0 0 0 0 0 196 21 20 0 0 6 0 2 2 0 2 0 2 0 0 0 0 52 0 0 0 0 0 0 0 0 0 0 0 0 0 0 0 0 0 0 0 1 0 1 0 1 0 1 0 0 6 0 0 148 0 0 0 0 0 0 0 0 0 2 0 0 0 0 0 0 0 0 0 0 0 0 0 0 0 0 0 14 0 0 0 0 0 0 0 0 1 0 0 0 0 0 0 0 0 0 0 0 0 0 5706 6 4 0 0 0 0 0 0 0 0 0 0 0 2399 0 0
ctxt 282944
btime 1748862737
processes 2756
procs_running 8
procs_blocked 0
softirq 53464 0 25446 1 1 0 0 906 7263 0 19847

3059
cpu  4571 181 4216 2600 181 283 57 0 0 0
cpu0 983 21 1224 490 106 187 14 0 0 0
cpu1 1152 90 1051 652 31 32 14 0 0 0
cpu2 1287 27 930 714 24 32 14 0 0 0
cpu3 1148 40 1010 743 19 31 14 0 0 0
intr 120133 0 0 0 0 31083 0 0 0 11 11 0 0 0 0 0 0 0 0 0 0 0 0 0 1916 18786 2 0 2 0 7 21 0 6 1 36 30 0 0 0 0 0 0 0 0 1 186 0 0 0 0 0 0 11 0 0 0 0 0 0 0 0 0 0 0 0 0 4 0 0 0 0 0 0 0 0 0 0 0 0 0 0 0 0 0 0 0 0 0 0 0 0 0 0 0 0 0 0 0 0 0 0 0 0 0 0 0 0 0 0 0 0 0 0 0 0 0 0 0 0 0 0 0 0 0 0 0 0 0 0 0 0 0 0 0 0 0 0 0 0 0 0 0 0 228 21 36 0 0 6 0 2 2 0 2 0 2 0 0 0 0 52 0 0 0 0 0 0 0 0 0 0 0 0 0 0 0 0 0 0 0 1 0 1 0 1 0 1 0 0 6 0 0 148 0 0 0 0 0 0 0 0 0 2 0 0 0 0 0 0 0 0 0 0 0 0 0 0 0 0 0 14 0 0 0 0 0 0 0 0 1 0 0 0 0 0 0 0 0 0 0 0 0 0 5706 6 4 0 0 0 0 0 0 0 0 0 0 0 2399 0 0
ctxt 287185
btime 1748862737
processes 2791
procs_running 7
procs_blocked 0
softirq 53974 0 25683 1 1 0 0 906 7361 0 20022

3086
cpu  4625 183 4242 2620 182 285 57 0 0 0
cpu0 996 22 1230 494 107 188 14 0 0 0
cpu1 1162 90 1061 659 31 32 14 0 0 0
cpu2 1303 28 935 718 24 33 14 0 0 0
cpu3 1163 42 1015 748 19 31 14 0 0 0
intr 121134 0 0 0 0 31356 0 0 0 11 11 0 0 0 0 0 0 0 0 0 0 0 0 0 1938 18836 2 0 2 0 7 21 0 6 1 36 30 0 0 0 0 0 0 0 0 1 186 0 0 0 0 0 0 11 0 0 0 0 0 0 0 0 0 0 0 0 0 4 0 0 0 0 0 0 0 0 0 0 0 0 0 0 0 0 0 0 0 0 0 0 0 0 0 0 0 0 0 0 0 0 0 0 0 0 0 0 0 0 0 0 0 0 0 0 0 0 0 0 0 0 0 0 0 0 0 0 0 0 0 0 0 0 0 0 0 0 0 0 0 0 0 0 0 0 259 21 52 0 0 6 0 2 2 0 2 0 2 0 0 0 0 52 0 0 0 0 0 0 0 0 0 0 0 0 0 0 0 0 0 0 0 1 0 1 0 1 0 1 0 0 6 0 0 148 0 0 0 0 0 0 0 0 0 2 0 0 0 0 0 0 0 0 0 0 0 0 0 0 0 0 0 14 0 0 0 0 0 0 0 0 1 0 0 0 0 0 0 0 0 0 0 0 0 0 5706 6 4 0 0 0 0 0 0 0 0 0 0 0 2399 0 0
ctxt 289548
btime 1748862737
processes 2807
procs_running 4
procs_blocked 0
softirq 54528 0 25916 1 1 0 0 928 7477 0 20205

3113
cpu  4676 186 4267 2643 182 287 58 0 0 0
cpu0 1004 22 1236 503 107 188 14 0 0 0
cpu1 1174 91 1066 667 31 32 14 0 0 0
cpu2 1313 29 943 724 24 33 14 0 0 0
cpu3 1183 42 1021 748 19 32 14 0 0 0
intr 121867 0 0 0 0 31600 0 0 0 11 11 0 0 0 0 0 0 0 0 0 0 0 0 0 1969 18849 2 0 2 0 7 21 0 6 1 36 30 0 0 0 0 0 0 0 0 1 186 0 0 0 0 0 0 11 0 0 0 0 0 0 0 0 0 0 0 0 0 4 0 0 0 0 0 0 0 0 0 0 0 0 0 0 0 0 0 0 0 0 0 0 0 0 0 0 0 0 0 0 0 0 0 0 0 0 0 0 0 0 0 0 0 0 0 0 0 0 0 0 0 0 0 0 0 0 0 0 0 0 0 0 0 0 0 0 0 0 0 0 0 0 0 0 0 0 284 21 67 0 0 6 0 2 2 0 2 0 2 0 0 0 0 52 0 0 0 0 0 0 0 0 0 0 0 0 0 0 0 0 0 0 0 1 0 1 0 1 0 1 0 0 6 0 0 148 0 0 0 0 0 0 0 0 0 2 0 0 0 0 0 0 0 0 0 0 0 0 0 0 0 0 0 14 0 0 0 0 0 0 0 0 1 0 0 0 0 0 0 0 0 0 0 0 0 0 5707 6 4 0 0 0 0 0 0 0 0 0 0 0 2399 0 0
ctxt 291235
btime 1748862737
processes 2817
procs_running 3
procs_blocked 0
softirq 54967 0 26129 1 1 0 0 928 7539 0 20369

3138
cpu  4730 186 4288 2663 183 289 59 0 0 0
cpu0 1019 22 1243 506 108 189 14 0 0 0
cpu1 1185 91 1073 673 31 33 15 0 0 0
cpu2 1323 30 947 733 24 34 14 0 0 0
cpu3 1201 42 1024 751 19 32 14 0 0 0
intr 122676 0 0 0 0 31842 0 0 0 11 11 0 0 0 0 0 0 0 0 0 0 0 0 0 1980 18856 2 0 2 0 7 21 0 6 1 36 30 0 0 0 0 0 0 0 0 1 186 0 0 0 0 0 0 11 0 0 0 0 0 0 0 0 0 0 0 0 0 4 0 0 0 0 0 0 0 0 0 0 0 0 0 0 0 0 0 0 0 0 0 0 0 0 0 0 0 0 0 0 0 0 0 0 0 0 0 0 0 0 0 0 0 0 0 0 0 0 0 0 0 0 0 0 0 0 0 0 0 0 0 0 0 0 0 0 0 0 0 0 0 0 0 0 0 0 292 21 79 0 0 6 0 2 2 0 2 0 2 0 0 0 0 52 0 0 0 0 0 0 0 0 0 0 0 0 0 0 0 0 0 0 0 1 0 1 0 1 0 1 0 0 6 0 0 148 0 0 0 0 0 0 0 0 0 2 0 0 0 0 0 0 0 0 0 0 0 0 0 0 0 0 0 14 0 0 0 0 0 0 0 0 1 0 0 0 0 0 0 0 0 0 0 0 0 0 5707 6 4 0 0 0 0 0 0 0 0 0 0 0 2399 0 0
ctxt 293377
btime 1748862737
processes 2829
procs_running 3
procs_blocked 0
softirq 55438 0 26347 1 1 0 0 928 7617 0 20544

3165
cpu  4787 188 4314 2684 185 291 59 0 0 0
cpu0 1030 22 1253 509 109 190 14 0 0 0
cpu1 1197 93 1079 679 31 33 15 0 0 0
cpu2 1341 30 951 737 25 34 14 0 0 0
cpu3 1216 42 1029 757 19 32 15 0 0 0
intr 123534 0 0 0 0 32121 0 0 0 11 11 0 0 0 0 0 0 0 0 0 0 0 0 0 1984 18901 2 0 2 0 7 21 0 6 1 36 30 0 0 0 0 0 0 0 0 1 186 0 0 0 0 0 0 11 0 0 0 0 0 0 0 0 0 0 0 0 0 4 0 0 0 0 0 0 0 0 0 0 0 0 0 0 0 0 0 0 0 0 0 0 0 0 0 0 0 0 0 0 0 0 0 0 0 0 0 0 0 0 0 0 0 0 0 0 0 0 0 0 0 0 0 0 0 0 0 0 0 0 0 0 0 0 0 0 0 0 0 0 0 0 0 0 0 0 301 21 95 0 0 6 0 2 2 0 2 0 2 0 0 0 0 52 0 0 0 0 0 0 0 0 0 0 0 0 0 0 0 0 0 0 0 1 0 1 0 1 0 1 0 0 6 0 0 148 0 0 0 0 0 0 0 0 0 2 0 0 0 0 0 0 0 0 0 0 0 0 0 0 0 0 0 14 0 0 0 0 0 0 0 0 1 0 0 0 0 0 0 0 0 0 0 0 0 0 5707 6 4 0 0 0 0 0 0 0 0 0 0 0 2399 0 0
ctxt 295390
btime 1748862737
processes 2830
procs_running 4
procs_blocked 0
softirq 56012 0 26590 1 1 0 0 938 7745 0 20737

3190
cpu  4834 193 4330 2711 186 292 60 0 0 0
cpu0 1043 23 1255 518 109 190 14 0 0 0
cpu1 1202 95 1083 690 32 33 15 0 0 0
cpu2 1355 31 959 739 25 34 14 0 0 0
cpu3 1232 42 1031 763 19 33 15 0 0 0
intr 124094 0 0 0 0 32358 0 0 0 11 11 0 0 0 0 0 0 0 0 0 0 0 0 0 2003 18910 2 0 2 0 7 21 0 6 1 36 30 0 0 0 0 0 0 0 0 1 186 0 0 0 0 0 0 11 0 0 0 0 0 0 0 0 0 0 0 0 0 4 0 0 0 0 0 0 0 0 0 0 0 0 0 0 0 0 0 0 0 0 0 0 0 0 0 0 0 0 0 0 0 0 0 0 0 0 0 0 0 0 0 0 0 0 0 0 0 0 0 0 0 0 0 0 0 0 0 0 0 0 0 0 0 0 0 0 0 0 0 0 0 0 0 0 0 0 306 21 106 0 0 6 0 2 2 0 2 0 2 0 0 0 0 52 0 0 0 0 0 0 0 0 0 0 0 0 0 0 0 0 0 0 0 1 0 1 0 1 0 1 0 0 6 0 0 148 0 0 0 0 0 0 0 0 0 2 0 0 0 0 0 0 0 0 0 0 0 0 0 0 0 0 0 14 0 0 0 0 0 0 0 0 1 0 0 0 0 0 0 0 0 0 0 0 0 0 5707 6 4 0 0 0 0 0 0 0 0 0 0 0 2399 0 0
ctxt 296313
btime 1748862737
processes 2833
procs_running 3
procs_blocked 0
softirq 56445 0 26796 1 1 0 0 938 7818 0 20891

3216
cpu  4870 197 4346 2750 186 294 60 0 0 0
cpu0 1052 23 1260 527 109 191 15 0 0 0
cpu1 1215 95 1085 699 32 33 15 0 0 0
cpu2 1363 33 963 749 25 35 14 0 0 0
cpu3 1238 44 1037 773 20 33 15 0 0 0
intr 125000 0 0 0 0 32575 0 0 0 11 11 0 0 0 0 0 0 0 0 0 0 0 0 0 2026 18927 2 0 2 0 7 21 0 6 1 36 30 0 0 0 0 0 0 0 0 1 186 0 0 0 0 0 0 11 0 0 0 0 0 0 0 0 0 0 0 0 0 4 0 0 0 0 0 0 0 0 0 0 0 0 0 0 0 0 0 0 0 0 0 0 0 0 0 0 0 0 0 0 0 0 0 0 0 0 0 0 0 0 0 0 0 0 0 0 0 0 0 0 0 0 0 0 0 0 0 0 0 0 0 0 0 0 0 0 0 0 0 0 0 0 0 0 0 0 353 21 122 0 0 6 0 2 2 0 2 0 2 0 0 0 0 52 0 0 0 0 0 0 0 0 0 0 0 0 0 0 0 0 0 0 0 1 0 1 0 1 0 1 0 0 6 0 0 148 0 0 0 0 0 0 0 0 0 2 0 0 0 0 0 0 0 0 0 0 0 0 0 0 0 0 0 14 0 0 0 0 0 0 0 0 1 0 0 0 0 0 0 0 0 0 0 0 0 0 5707 6 4 0 0 0 0 0 0 0 0 0 0 0 2399 0 0
ctxt 298225
btime 1748862737
processes 2836
procs_running 6
procs_blocked 0
softirq 56891 0 26977 1 1 0 0 938 7934 0 21040

3241
cpu  4904 198 4367 2773 203 296 61 0 0 0
cpu0 1061 23 1264 529 116 192 15 0 0 0
cpu1 1223 96 1090 711 32 34 15 0 0 0
cpu2 1374 33 969 754 27 35 15 0 0 0
cpu3 1245 44 1042 777 26 33 15 0 0 0
intr 125844 0 0 0 0 32771 0 0 0 11 11 0 0 0 0 0 0 0 0 0 0 0 0 0 2061 19026 2 0 2 0 7 21 0 6 1 36 30 0 0 0 0 0 0 0 0 1 186 0 0 0 0 0 0 11 0 0 0 0 0 0 0 0 0 0 0 0 0 4 0 0 0 0 0 0 0 0 0 0 0 0 0 0 0 0 0 0 0 0 0 0 0 0 0 0 0 0 0 0 0 0 0 0 0 0 0 0 0 0 0 0 0 0 0 0 0 0 0 0 0 0 0 0 0 0 0 0 0 0 0 0 0 0 0 0 0 0 0 0 0 0 0 0 0 0 355 21 133 0 0 6 0 2 2 0 2 0 2 0 0 0 0 52 0 0 0 0 0 0 0 0 0 0 0 0 0 0 0 0 0 0 0 1 0 1 0 1 0 1 0 0 6 0 0 148 0 0 0 0 0 0 0 0 0 2 0 0 0 0 0 0 0 0 0 0 0 0 0 0 0 0 0 14 0 0 0 0 0 0 0 0 1 0 0 0 0 0 0 0 0 0 0 0 0 0 5707 6 4 0 0 0 0 0 0 0 0 0 0 0 2399 0 0
ctxt 299930
btime 1748862737
processes 2856
procs_running 5
procs_blocked 0
softirq 57332 0 27151 1 1 0 0 960 8046 0 21173

3266
cpu  4937 216 4383 2806 203 297 61 0 0 0
cpu0 1066 24 1270 541 116 193 15 0 0 0
cpu1 1232 97 1093 723 32 34 15 0 0 0
cpu2 1390 33 972 760 27 36 15 0 0 0
cpu3 1246 60 1045 782 27 33 15 0 0 0
intr 126458 0 0 0 0 32999 0 0 0 11 11 0 0 0 0 0 0 0 0 0 0 0 0 0 2084 19056 2 0 2 0 7 21 0 6 1 36 30 0 0 0 0 0 0 0 0 1 186 0 0 0 0 0 0 11 0 0 0 0 0 0 0 0 0 0 0 0 0 4 0 0 0 0 0 0 0 0 0 0 0 0 0 0 0 0 0 0 0 0 0 0 0 0 0 0 0 0 0 0 0 0 0 0 0 0 0 0 0 0 0 0 0 0 0 0 0 0 0 0 0 0 0 0 0 0 0 0 0 0 0 0 0 0 0 0 0 0 0 0 0 0 0 0 0 0 357 21 146 0 0 6 0 2 2 0 2 0 2 0 0 0 0 52 0 0 0 0 0 0 0 0 0 0 0 0 0 0 0 0 0 0 0 1 0 1 0 1 0 1 0 0 6 0 0 148 0 0 0 0 0 0 0 0 0 2 0 0 0 0 0 0 0 0 0 0 0 0 0 0 0 0 0 14 0 0 0 0 0 0 0 0 1 0 0 0 0 0 0 0 0 0 0 0 0 0 5707 6 4 0 0 0 0 0 0 0 0 0 0 0 2399 0 0
ctxt 301141
btime 1748862737
processes 2858
procs_running 3
procs_blocked 0
softirq 57795 0 27351 1 1 0 0 972 8137 0 21333

3291
cpu  4968 231 4401 2834 204 299 62 0 0 0
cpu0 1074 25 1276 550 117 193 15 0 0 0
cpu1 1242 99 1098 729 33 34 16 0 0 0
cpu2 1399 36 977 767 27 36 15 0 0 0
cpu3 1251 70 1049 788 27 34 15 0 0 0
intr 127153 0 0 0 0 33215 0 0 0 11 11 0 0 0 0 0 0 0 0 0 0 0 0 0 2112 19059 2 0 2 0 7 21 0 6 1 36 30 0 0 0 0 0 0 0 0 1 186 0 0 0 0 0 0 11 0 0 0 0 0 0 0 0 0 0 0 0 0 4 0 0 0 0 0 0 0 0 0 0 0 0 0 0 0 0 0 0 0 0 0 0 0 0 0 0 0 0 0 0 0 0 0 0 0 0 0 0 0 0 0 0 0 0 0 0 0 0 0 0 0 0 0 0 0 0 0 0 0 0 0 0 0 0 0 0 0 0 0 0 0 0 0 0 0 0 362 21 157 0 0 6 0 2 2 0 2 0 2 0 0 0 0 52 0 0 0 0 0 0 0 0 0 0 0 0 0 0 0 0 0 0 0 1 0 1 0 1 0 1 0 0 6 0 0 148 0 0 0 0 0 0 0 0 0 2 0 0 0 0 0 0 0 0 0 0 0 0 0 0 0 0 0 14 0 0 0 0 0 0 0 0 1 0 0 0 0 0 0 0 0 0 0 0 0 0 5712 6 4 0 0 0 0 0 0 0 0 0 0 0 2399 0 0
ctxt 302853
btime 1748862737
processes 2869
procs_running 10
procs_blocked 0
softirq 58203 0 27547 1 1 0 0 972 8199 0 21483

